Component: Arm Compiler for Embedded 6.23 Tool: armlink [5f102400]

==============================================================================

Section Cross References

    startup_stm32f103xb.o(STACK) refers (Special) to heapauxi.o(.text) for __use_two_region_memory
    startup_stm32f103xb.o(HEAP) refers (Special) to heapauxi.o(.text) for __use_two_region_memory
    startup_stm32f103xb.o(RESET) refers (Special) to heapauxi.o(.text) for __use_two_region_memory
    startup_stm32f103xb.o(RESET) refers to startup_stm32f103xb.o(STACK) for __initial_sp
    startup_stm32f103xb.o(RESET) refers to startup_stm32f103xb.o(.text) for Reset_Handler
    startup_stm32f103xb.o(RESET) refers to stm32f1xx_it.o(.text.NMI_Handler) for NMI_Handler
    startup_stm32f103xb.o(RESET) refers to stm32f1xx_it.o(.text.HardFault_Handler) for HardFault_Handler
    startup_stm32f103xb.o(RESET) refers to stm32f1xx_it.o(.text.MemManage_Handler) for MemManage_Handler
    startup_stm32f103xb.o(RESET) refers to stm32f1xx_it.o(.text.BusFault_Handler) for BusFault_Handler
    startup_stm32f103xb.o(RESET) refers to stm32f1xx_it.o(.text.UsageFault_Handler) for UsageFault_Handler
    startup_stm32f103xb.o(RESET) refers to stm32f1xx_it.o(.text.SVC_Handler) for SVC_Handler
    startup_stm32f103xb.o(RESET) refers to stm32f1xx_it.o(.text.DebugMon_Handler) for DebugMon_Handler
    startup_stm32f103xb.o(RESET) refers to stm32f1xx_it.o(.text.PendSV_Handler) for PendSV_Handler
    startup_stm32f103xb.o(RESET) refers to stm32f1xx_it.o(.text.SysTick_Handler) for SysTick_Handler
    startup_stm32f103xb.o(RESET) refers to usart.o(.text.USART1_IRQHandler) for USART1_IRQHandler
    startup_stm32f103xb.o(RESET) refers to usart.o(.text.USART2_IRQHandler) for USART2_IRQHandler
    startup_stm32f103xb.o(.text) refers (Special) to heapauxi.o(.text) for __use_two_region_memory
    startup_stm32f103xb.o(.text) refers to system_stm32f1xx.o(.text.SystemInit) for SystemInit
    startup_stm32f103xb.o(.text) refers to __main.o(!!!main) for __main
    startup_stm32f103xb.o(.text) refers to startup_stm32f103xb.o(HEAP) for Heap_Mem
    startup_stm32f103xb.o(.text) refers to startup_stm32f103xb.o(STACK) for Stack_Mem
    main.o(.text) refers (Special) to _printf_percent.o(.ARM.Collect$$_printf_percent$$00000000) for _printf_percent
    main.o(.text) refers (Special) to _printf_d.o(.ARM.Collect$$_printf_percent$$00000009) for _printf_d
    main.o(.text) refers (Special) to _printf_f.o(.ARM.Collect$$_printf_percent$$00000003) for _printf_f
    main.o(.text) refers (Special) to _printf_dec.o(.text) for _printf_int_dec
    main.o(.text) refers (Special) to printf1.o(x$fpl$printf1) for _printf_fp_dec
    main.o(.text.main) refers (Special) to _printf_percent.o(.ARM.Collect$$_printf_percent$$00000000) for _printf_percent
    main.o(.text.main) refers (Special) to _printf_d.o(.ARM.Collect$$_printf_percent$$00000009) for _printf_d
    main.o(.text.main) refers (Special) to _printf_f.o(.ARM.Collect$$_printf_percent$$00000003) for _printf_f
    main.o(.text.main) refers (Special) to _printf_dec.o(.text) for _printf_int_dec
    main.o(.text.main) refers (Special) to printf1.o(x$fpl$printf1) for _printf_fp_dec
    main.o(.text.main) refers to stm32f1xx_hal.o(.text.HAL_Init) for HAL_Init
    main.o(.text.main) refers to stm32f1xx_hal_rcc.o(.text.HAL_RCC_OscConfig) for HAL_RCC_OscConfig
    main.o(.text.main) refers to stm32f1xx_hal_rcc.o(.text.HAL_RCC_ClockConfig) for HAL_RCC_ClockConfig
    main.o(.text.main) refers to stm32f1xx_hal_rcc_ex.o(.text.HAL_RCCEx_PeriphCLKConfig) for HAL_RCCEx_PeriphCLKConfig
    main.o(.text.main) refers to delay.o(.text.delay_init) for delay_init
    main.o(.text.main) refers to gpio.o(.text.MX_GPIO_Init) for MX_GPIO_Init
    main.o(.text.main) refers to i2c.o(.text.MX_I2C1_Init) for MX_I2C1_Init
    main.o(.text.main) refers to adc.o(.text.MX_ADC1_Init) for MX_ADC1_Init
    main.o(.text.main) refers to spi.o(.text.MX_SPI1_Init) for MX_SPI1_Init
    main.o(.text.main) refers to adc.o(.text.MX_ADC2_Init) for MX_ADC2_Init
    main.o(.text.main) refers to tim.o(.text.MX_TIM2_Init) for MX_TIM2_Init
    main.o(.text.main) refers to usart.o(.text.MX_USART1_UART_Init) for MX_USART1_UART_Init
    main.o(.text.main) refers to usart.o(.text.MX_USART2_UART_Init) for MX_USART2_UART_Init
    main.o(.text.main) refers to tim.o(.bss.htim2) for htim2
    main.o(.text.main) refers to stm32f1xx_hal_tim.o(.text.HAL_TIM_PWM_Start) for HAL_TIM_PWM_Start
    main.o(.text.main) refers to rc522.o(.text.PcdReset) for PcdReset
    main.o(.text.main) refers to rc522.o(.text.PcdAntennaOff) for PcdAntennaOff
    main.o(.text.main) refers to delay.o(.text.delay_ms) for delay_ms
    main.o(.text.main) refers to rc522.o(.text.PcdAntennaOn) for PcdAntennaOn
    main.o(.text.main) refers to oled.o(.text.OLED_Init) for OLED_Init
    main.o(.text.main) refers to oled.o(.text.OLED_Clear) for OLED_Clear
    main.o(.text.main) refers to usart.o(.bss.g_usart_rx_buf) for g_usart_rx_buf
[...]
    [Anonymous Symbol]                       0x08004b04   Section        0  usart.o(.text.MX_USART1_UART_Init)
    [Anonymous Symbol]                       0x08004b54   Section        0  usart.o(.text.MX_USART2_UART_Init)
    [Anonymous Symbol]                       0x08004ba0   Section        0  stm32f1xx_it.o(.text.MemManage_Handler)
    [Anonymous Symbol]                       0x08004ba4   Section        0  stm32f1xx_it.o(.text.NMI_Handler)
    [Anonymous Symbol]                       0x08004ba8   Section        0  oled.o(.text.OLED_Clear)
    [Anonymous Symbol]                       0x08005038   Section        0  oled.o(.text.OLED_Init)
    [Anonymous Symbol]                       0x0800573c   Section        0  oled.o(.text.OLED_Refresh)
    [Anonymous Symbol]                       0x080058c4   Section        0  oled.o(.text.OLED_ShowChar)
    [Anonymous Symbol]                       0x08005e90   Section        0  oled.o(.text.OLED_ShowString)
    [Anonymous Symbol]                       0x08005ee4   Section        0  rc522.o(.text.PcdAntennaOff)
    [Anonymous Symbol]                       0x08005eec   Section        0  rc522.o(.text.PcdAntennaOn)
    [Anonymous Symbol]                       0x08005f5c   Section        0  rc522.o(.text.PcdAnticoll)
    [Anonymous Symbol]                       0x08005ffc   Section        0  rc522.o(.text.PcdAuthState)
    [Anonymous Symbol]                       0x0800609c   Section        0  rc522.o(.text.PcdComMF522)
    [Anonymous Symbol]                       0x08006420   Section        0  rc522.o(.text.PcdHalt)
    [Anonymous Symbol]                       0x08006454   Section        0  rc522.o(.text.PcdRequest)
    [Anonymous Symbol]                       0x080064d8   Section        0  rc522.o(.text.PcdReset)
    [Anonymous Symbol]                       0x080066b0   Section        0  rc522.o(.text.PcdSelect)
    [Anonymous Symbol]                       0x08006718   Section        0  stm32f1xx_it.o(.text.PendSV_Handler)
    [Anonymous Symbol]                       0x0800671c   Section        0  main.o(.text.Process_RFID)
    SPI_WaitFlagStateUntilTimeout            0x080067fd   Thumb Code   228  stm32f1xx_hal_spi.o(.text.SPI_WaitFlagStateUntilTimeout)
    [Anonymous Symbol]                       0x080067fc   Section        0  stm32f1xx_hal_spi.o(.text.SPI_WaitFlagStateUntilTimeout)
    [Anonymous Symbol]                       0x080068e0   Section        0  stm32f1xx_it.o(.text.SVC_Handler)
    [Anonymous Symbol]                       0x080068e4   Section        0  rc522.o(.text.SetBitMask)
    [Anonymous Symbol]                       0x08006980   Section        0  stm32f1xx_it.o(.text.SysTick_Handler)
    [Anonymous Symbol]                       0x08006984   Section        0  system_stm32f1xx.o(.text.SystemInit)
    UART_DMAAbortOnError                     0x08006989   Thumb Code    12  stm32f1xx_hal_uart.o(.text.UART_DMAAbortOnError)
    [Anonymous Symbol]                       0x08006988   Section        0  stm32f1xx_hal_uart.o(.text.UART_DMAAbortOnError)
    UART_Receive_IT                          0x08006995   Thumb Code   254  stm32f1xx_hal_uart.o(.text.UART_Receive_IT)
    [Anonymous Symbol]                       0x08006994   Section        0  stm32f1xx_hal_uart.o(.text.UART_Receive_IT)
    [Anonymous Symbol]                       0x08006a94   Section        0  usart.o(.text.USART1_IRQHandler)
    [Anonymous Symbol]                       0x08006ab8   Section        0  usart.o(.text.USART2_IRQHandler)
    [Anonymous Symbol]                       0x08006ae4   Section        0  stm32f1xx_it.o(.text.UsageFault_Handler)
    [Anonymous Symbol]                       0x08006ae8   Section        0  delay.o(.text.delay_init)
    [Anonymous Symbol]                       0x08006b0c   Section        0  delay.o(.text.delay_ms)
    [Anonymous Symbol]                       0x08006da4   Section        0  delay.o(.text.delay_us)
    [Anonymous Symbol]                       0x08006e00   Section        0  key.o(.text.key_scan)
    [Anonymous Symbol]                       0x08006ee4   Section        0  main.o(.text.main)
    [Anonymous Symbol]                       0x08007424   Section        0  step_motor.o(.text.step_motor1_off)
    [Anonymous Symbol]                       0x08007454   Section        0  step_motor.o(.text.step_motor1_on)
    [Anonymous Symbol]                       0x08007484   Section        0  step_motor.o(.text.step_motor2_off)
    [Anonymous Symbol]                       0x08007494   Section        0  step_motor.o(.text.step_motor2_on)
    CL$$btod_d2e                             0x080074b6   Section       62  btod.o(CL$$btod_d2e)
    CL$$btod_d2e_denorm_low                  0x080074f4   Section       70  btod.o(CL$$btod_d2e_denorm_low)
    CL$$btod_d2e_norm_op1                    0x0800753a   Section       96  btod.o(CL$$btod_d2e_norm_op1)
    CL$$btod_div_common                      0x0800759c   Section      824  btod.o(CL$$btod_div_common)
    CL$$btod_e2e                             0x080078d4   Section      220  btod.o(CL$$btod_e2e)
    CL$$btod_ediv                            0x080079b0   Section       42  btod.o(CL$$btod_ediv)
    CL$$btod_emul                            0x080079da   Section       42  btod.o(CL$$btod_emul)
    CL$$btod_mult_common                     0x08007a04   Section      580  btod.o(CL$$btod_mult_common)
    i.__ARM_fpclassify                       0x08007c48   Section        0  fpclassify.o(i.__ARM_fpclassify)
    i._is_digit                              0x08007c70   Section        0  __printf_wp.o(i._is_digit)
    locale$$code                             0x08007c80   Section       44  lc_numeric_c.o(locale$$code)
    x$fpl$d2f                                0x08007cac   Section       98  d2f.o(x$fpl$d2f)
    x$fpl$dfltull                            0x08007d10   Section      138  dfltll_clz.o(x$fpl$dfltull)
    x$fpl$dmul                               0x08007d9c   Section      340  dmul.o(x$fpl$dmul)
    x$fpl$dnaninf                            0x08007ef0   Section      156  dnaninf.o(x$fpl$dnaninf)
    x$fpl$dretinf                            0x08007f8c   Section       12  dretinf.o(x$fpl$dretinf)
    x$fpl$f2d                                0x08007f98   Section       86  f2d.o(x$fpl$f2d)
    x$fpl$fadd                               0x08007ff0   Section      196  faddsub_clz.o(x$fpl$fadd)
    _fadd1                                   0x08007fff   Thumb Code     0  faddsub_clz.o(x$fpl$fadd)
    x$fpl$fcmp                               0x080080b4   Section       84  fcmp.o(x$fpl$fcmp)
    x$fpl$fcmpinf                            0x08008108   Section       24  fcmpi.o(x$fpl$fcmpinf)
    _fdiv1                                   0x08008121   Thumb Code     0  fdiv.o(x$fpl$fdiv)
    x$fpl$fdiv                               0x08008120   Section      388  fdiv.o(x$fpl$fdiv)
    x$fpl$feqf                               0x080082a4   Section      104  feqf.o(x$fpl$feqf)
    x$fpl$ffix                               0x0800830c   Section       54  ffix.o(x$fpl$ffix)
    x$fpl$ffltll                             0x08008342   Section       96  ffltll_clz.o(x$fpl$ffltll)
    x$fpl$ffltu                              0x080083a4   Section       38  fflt_clz.o(x$fpl$ffltu)
    x$fpl$fgeqf                              0x080083cc   Section      104  fgeqf.o(x$fpl$fgeqf)
    x$fpl$fleqf                              0x08008434   Section      104  fleqf.o(x$fpl$fleqf)
    x$fpl$fmul                               0x0800849c   Section      258  fmul.o(x$fpl$fmul)
    x$fpl$fnaninf                            0x0800859e   Section      140  fnaninf.o(x$fpl$fnaninf)
    x$fpl$fretinf                            0x0800862a   Section       10  fretinf.o(x$fpl$fretinf)
    x$fpl$fsub                               0x08008634   Section      234  faddsub_clz.o(x$fpl$fsub)
    _fsub1                                   0x08008643   Thumb Code     0  faddsub_clz.o(x$fpl$fsub)
    x$fpl$printf1                            0x0800871e   Section        4  printf1.o(x$fpl$printf1)
    x$fpl$usenofp                            0x08008722   Section        0  usenofp.o(x$fpl$usenofp)
    tenpwrs_x                                0x08008724   Data          60  bigflt0.o(.constdata)
    .constdata                               0x08008724   Section      148  bigflt0.o(.constdata)
    tenpwrs_i                                0x08008760   Data          64  bigflt0.o(.constdata)
    HAL_RCC_GetSysClockFreq.aPredivFactorTable 0x080087d0   Data           2  stm32f1xx_hal_rcc.o(.rodata.HAL_RCC_GetSysClockFreq.aPredivFactorTable)
    [Anonymous Symbol]                       0x080087d0   Section        0  stm32f1xx_hal_rcc.o(.rodata.HAL_RCC_GetSysClockFreq.aPredivFactorTable)
    HAL_RCC_GetSysClockFreq.aPLLMULFactorTable 0x0800a1ba   Data          16  stm32f1xx_hal_rcc.o(.rodata.cst16)
    [Anonymous Symbol]                       0x0800a1ba   Section        0  stm32f1xx_hal_rcc.o(.rodata.cst16)
    .L.str                                   0x0800a1ca   Data           5  main.o(.rodata.str1.1)
    [Anonymous Symbol]                       0x0800a1ca   Section        0  main.o(.rodata.str1.1)
    .L.str.11                                0x0800a1cf   Data           9  main.o(.rodata.str1.1)
    .L.str.7                                 0x0800a1d8   Data           7  main.o(.rodata.str1.1)
    .L.str.9                                 0x0800a1df   Data           9  main.o(.rodata.str1.1)
    .L.str.10                                0x0800a1e8   Data           8  main.o(.rodata.str1.1)
    .L.str.6                                 0x0800a1f0   Data           6  main.o(.rodata.str1.1)
    .L.str.15                                0x0800a1f6   Data           6  main.o(.rodata.str1.1)
    .L.str.14                                0x0800a1fc   Data           7  main.o(.rodata.str1.1)
    .L.str.13                                0x0800a203   Data           6  main.o(.rodata.str1.1)
    .L.str.8                                 0x0800a209   Data           8  main.o(.rodata.str1.1)
    .L.str.12                                0x0800a211   Data           8  main.o(.rodata.str1.1)
    locale$$data                             0x0800a23c   Section       28  lc_numeric_c.o(locale$$data)
    __lcnum_c_name                           0x0800a240   Data           2  lc_numeric_c.o(locale$$data)
    __lcnum_c_start                          0x0800a248   Data           0  lc_numeric_c.o(locale$$data)
    __lcnum_c_point                          0x0800a254   Data           0  lc_numeric_c.o(locale$$data)
    __lcnum_c_thousands                      0x0800a256   Data           0  lc_numeric_c.o(locale$$data)
    __lcnum_c_grouping                       0x0800a257   Data           0  lc_numeric_c.o(locale$$data)
    __lcnum_c_end                            0x0800a258   Data           0  lc_numeric_c.o(locale$$data)
    .L_MergedGlobals                         0x20000000   Data           4  main.o(.data..L_MergedGlobals)
    [Anonymous Symbol]                       0x20000000   Section        0  main.o(.data..L_MergedGlobals)
    .L_MergedGlobals                         0x20000004   Data           8  stm32f1xx_hal.o(.data..L_MergedGlobals)
    [Anonymous Symbol]                       0x20000004   Section        0  stm32f1xx_hal.o(.data..L_MergedGlobals)
    .bss                                     0x20000018   Section       96  libspace.o(.bss)
    .L_MergedGlobals                         0x20000078   Data          80  usart.o(.bss..L_MergedGlobals)
    [Anonymous Symbol]                       0x20000078   Section        0  usart.o(.bss..L_MergedGlobals)
    .L_MergedGlobals                         0x200000c8   Data           8  dht11.o(.bss..L_MergedGlobals)
    [Anonymous Symbol]                       0x200000c8   Section        0  dht11.o(.bss..L_MergedGlobals)
    .L_MergedGlobals.17                      0x200000d0   Data          12  main.o(.bss..L_MergedGlobals.17)
    UART_BLE.state_1                         0x200000d0   Data           1  main.o(.bss..L_MergedGlobals.17)
    [Anonymous Symbol]                       0x200000d0   Section        0  main.o(.bss..L_MergedGlobals.17)
    UART_BLE.state_2                         0x200000d1   Data           1  main.o(.bss..L_MergedGlobals.17)
    UART_BLE.state_3                         0x200000d2   Data           1  main.o(.bss..L_MergedGlobals.17)
    UART_BLE.state_4                         0x200000d3   Data           1  main.o(.bss..L_MergedGlobals.17)
    Process_RFID.last_card                   0x200000d4   Data           4  main.o(.bss..L_MergedGlobals.17)
    Process_RFID.last_detect_time            0x200000d8   Data           4  main.o(.bss..L_MergedGlobals.17)
    g_fac_us                                 0x200004dc   Data           2  delay.o(.bss.g_fac_us)
    [Anonymous Symbol]                       0x200004dc   Section        0  delay.o(.bss.g_fac_us)
    key_scan.key_up                          0x2000080c   Data           1  key.o(.bss.key_scan.key_up)
    [Anonymous Symbol]                       0x2000080c   Section        0  key.o(.bss.key_scan.key_up)
    Heap_Mem                                 0x20000818   Data         512  startup_stm32f103xb.o(HEAP)
    HEAP                                     0x20000818   Section      512  startup_stm32f103xb.o(HEAP)
    Stack_Mem                                0x20000a18   Data        1024  startup_stm32f103xb.o(STACK)
    STACK                                    0x20000a18   Section     1024  startup_stm32f103xb.o(STACK)
    __initial_sp                             0x20000e18   Data           0  startup_stm32f103xb.o(STACK)

    Global Symbols

    Symbol Name                              Value     Ov Type        Size  Object(Section)

    BuildAttributes$$THM_ISAv4$P$D$K$B$S$PE$A:L22UL41UL21$X:L11$S22US41US21$IEEE1$IW$~IW$USESV6$~STKCKD$USESV7$~SHL$OTIME$ROPI$IEEEJ$EBA8$UX$STANDARDLIB$REQ8$PRES8$EABIv2 0x00000000   Number         0  anon$$obj.o ABSOLUTE
    __fp_init_empty                          0x00000000   Number         0  fpinit_empty.o ABSOLUTE
    _printf_flags                            0x00000000   Number         0  printf_stubs.o ABSOLUTE
    _printf_return_value                     0x00000000   Number         0  printf_stubs.o ABSOLUTE
    _printf_sizespec                         0x00000000   Number         0  printf_stubs.o ABSOLUTE
    _printf_widthprec                        0x00000000   Number         0  printf_stubs.o ABSOLUTE
    __ARM_exceptions_init                     - Undefined Weak Reference
    __alloca_initialize                       - Undefined Weak Reference
    __arm_preinit_                            - Undefined Weak Reference
    __arm_relocate_pie_                       - Undefined Weak Reference
    __cpp_initialize__aeabi_                  - Undefined Weak Reference
    __cxa_finalize                            - Undefined Weak Reference
    __sigvec_lookup                           - Undefined Weak Reference
    _atexit_init                              - Undefined Weak Reference
    _call_atexit_fns                          - Undefined Weak Reference
    _clock_init                               - Undefined Weak Reference
    _fp_trap_init                             - Undefined Weak Reference
    _fp_trap_shutdown                         - Undefined Weak Reference
    _get_lc_collate                           - Undefined Weak Reference
    _get_lc_ctype                             - Undefined Weak Reference
    _get_lc_monetary                          - Undefined Weak Reference
    _get_lc_time                              - Undefined Weak Reference
    _getenv_init                              - Undefined Weak Reference
    _handle_redirection                       - Undefined Weak Reference
    _init_alloc                               - Undefined Weak Reference
    _init_user_alloc                          - Undefined Weak Reference
    _initio                                   - Undefined Weak Reference
    _printf_post_padding                      - Undefined Weak Reference
    _printf_pre_padding                       - Undefined Weak Reference
    _printf_truncate_signed                   - Undefined Weak Reference
    _printf_truncate_unsigned                 - Undefined Weak Reference
    _rand_init                                - Undefined Weak Reference
    _signal_finish                            - Undefined Weak Reference
    _signal_init                              - Undefined Weak Reference
    _terminate_alloc                          - Undefined Weak Reference
    _terminate_user_alloc                     - Undefined Weak Reference
    _terminateio                              - Undefined Weak Reference
    __Vectors_Size                           0x000000ec   Number         0  startup_stm32f103xb.o ABSOLUTE
    __Vectors                                0x08000000   Data           4  startup_stm32f103xb.o(RESET)
    __Vectors_End                            0x080000ec   Data           0  startup_stm32f103xb.o(RESET)
    __main                                   0x080000ed   Thumb Code     8  __main.o(!!!main)
    __scatterload                            0x080000f5   Thumb Code     0  __scatter.o(!!!scatter)
    __scatterload_rt2                        0x080000f5   Thumb Code    84  __scatter.o(!!!scatter)
    __scatterload_rt2_thumb_only             0x080000f5   Thumb Code     0  __scatter.o(!!!scatter)
    __scatterload_loop                       0x080000ff   Thumb Code     0  __scatter.o(!!!scatter)
    __scatterload_copy                       0x08000151   Thumb Code    26  __scatter_copy.o(!!handler_copy)
    __scatterload_null                       0x0800016d   Thumb Code     2  __scatter.o(!!handler_null)
    __scatterload_zeroinit                   0x08000171   Thumb Code    28  __scatter_zi.o(!!handler_zi)
    _printf_f                                0x0800018d   Thumb Code     0  _printf_f.o(.ARM.Collect$$_printf_percent$$00000003)
    _printf_percent                          0x0800018d   Thumb Code     0  _printf_percent.o(.ARM.Collect$$_printf_percent$$00000000)
    _printf_d                                0x08000193   Thumb Code     0  _printf_d.o(.ARM.Collect$$_printf_percent$$00000009)
    _printf_percent_end                      0x08000199   Thumb Code     0  _printf_percent_end.o(.ARM.Collect$$_printf_percent$$00000017)
    __rt_lib_init                            0x0800019d   Thumb Code     0  libinit.o(.ARM.Collect$$libinit$$00000000)
    __rt_lib_init_fp_1                       0x0800019f   Thumb Code     0  libinit2.o(.ARM.Collect$$libinit$$00000002)
    __rt_lib_init_heap_1                     0x0800019f   Thumb Code     0  libinit2.o(.ARM.Collect$$libinit$$0000000C)
    __rt_lib_init_lc_common                  0x0800019f   Thumb Code     0  libinit2.o(.ARM.Collect$$libinit$$00000011)
    __rt_lib_init_preinit_1                  0x0800019f   Thumb Code     0  libinit2.o(.ARM.Collect$$libinit$$00000006)
    __rt_lib_init_rand_1                     0x0800019f   Thumb Code     0  libinit2.o(.ARM.Collect$$libinit$$00000010)
    __rt_lib_init_relocate_pie_1             0x0800019f   Thumb Code     0  libinit2.o(.ARM.Collect$$libinit$$00000004)
    __rt_lib_init_user_alloc_1               0x0800019f   Thumb Code     0  libinit2.o(.ARM.Collect$$libinit$$0000000E)
    __rt_lib_init_lc_collate_1               0x080001a5   Thumb Code     0  libinit2.o(.ARM.Collect$$libinit$$00000013)
    __rt_lib_init_lc_ctype_1                 0x080001a5   Thumb Code     0  libinit2.o(.ARM.Collect$$libinit$$00000015)
    __rt_lib_init_lc_monetary_1              0x080001a5   Thumb Code     0  libinit2.o(.ARM.Collect$$libinit$$00000017)
    __rt_lib_init_lc_numeric_2               0x080001a5   Thumb Code     0  libinit2.o(.ARM.Collect$$libinit$$00000018)
    __rt_lib_init_alloca_1                   0x080001af   Thumb Code     0  libinit2.o(.ARM.Collect$$libinit$$00000030)
    __rt_lib_init_argv_1                     0x080001af   Thumb Code     0  libinit2.o(.ARM.Collect$$libinit$$0000002E)
    __rt_lib_init_atexit_1                   0x080001af   Thumb Code     0  libinit2.o(.ARM.Collect$$libinit$$0000001D)
    __rt_lib_init_clock_1                    0x080001af   Thumb Code     0  libinit2.o(.ARM.Collect$$libinit$$00000023)
    __rt_lib_init_cpp_1                      0x080001af   Thumb Code     0  libinit2.o(.ARM.Collect$$libinit$$00000034)
    __rt_lib_init_exceptions_1               0x080001af   Thumb Code     0  libinit2.o(.ARM.Collect$$libinit$$00000032)
    __rt_lib_init_fp_trap_1                  0x080001af   Thumb Code     0  libinit2.o(.ARM.Collect$$libinit$$00000021)
    __rt_lib_init_getenv_1                   0x080001af   Thumb Code     0  libinit2.o(.ARM.Collect$$libinit$$00000025)
    __rt_lib_init_lc_numeric_1               0x080001af   Thumb Code     0  libinit2.o(.ARM.Collect$$libinit$$00000019)
    __rt_lib_init_lc_time_1                  0x080001af   Thumb Code     0  libinit2.o(.ARM.Collect$$libinit$$0000001B)
    __rt_lib_init_return                     0x080001af   Thumb Code     0  libinit2.o(.ARM.Collect$$libinit$$00000035)
    __rt_lib_init_signal_1                   0x080001af   Thumb Code     0  libinit2.o(.ARM.Collect$$libinit$$0000001F)
    __rt_lib_init_stdio_1                    0x080001af   Thumb Code     0  libinit2.o(.ARM.Collect$$libinit$$00000027)
    __rt_lib_shutdown                        0x080001b1   Thumb Code     0  libshutdown.o(.ARM.Collect$$libshutdown$$00000000)
    __rt_lib_shutdown_cpp_1                  0x080001b3   Thumb Code     0  libshutdown2.o(.ARM.Collect$$libshutdown$$00000002)
    __rt_lib_shutdown_fp_trap_1              0x080001b3   Thumb Code     0  libshutdown2.o(.ARM.Collect$$libshutdown$$00000007)
    __rt_lib_shutdown_heap_1                 0x080001b3   Thumb Code     0  libshutdown2.o(.ARM.Collect$$libshutdown$$0000000F)
    __rt_lib_shutdown_return                 0x080001b3   Thumb Code     0  libshutdown2.o(.ARM.Collect$$libshutdown$$00000010)
    __rt_lib_shutdown_signal_1               0x080001b3   Thumb Code     0  libshutdown2.o(.ARM.Collect$$libshutdown$$0000000A)
    __rt_lib_shutdown_stdio_1                0x080001b3   Thumb Code     0  libshutdown2.o(.ARM.Collect$$libshutdown$$00000004)
    __rt_lib_shutdown_user_alloc_1           0x080001b3   Thumb Code     0  libshutdown2.o(.ARM.Collect$$libshutdown$$0000000C)
    __rt_entry                               0x080001b5   Thumb Code     0  __rtentry.o(.ARM.Collect$$rtentry$$00000000)
    __rt_entry_presh_1                       0x080001b5   Thumb Code     0  __rtentry2.o(.ARM.Collect$$rtentry$$00000002)
    __rt_entry_sh                            0x080001b5   Thumb Code     0  __rtentry4.o(.ARM.Collect$$rtentry$$00000004)
    __rt_entry_li                            0x080001bb   Thumb Code     0  __rtentry2.o(.ARM.Collect$$rtentry$$0000000A)
    __rt_entry_postsh_1                      0x080001bb   Thumb Code     0  __rtentry2.o(.ARM.Collect$$rtentry$$00000009)
    __rt_entry_main                          0x080001bf   Thumb Code     0  __rtentry2.o(.ARM.Collect$$rtentry$$0000000D)
    __rt_entry_postli_1                      0x080001bf   Thumb Code     0  __rtentry2.o(.ARM.Collect$$rtentry$$0000000C)
    __rt_exit                                0x080001c7   Thumb Code     0  rtexit.o(.ARM.Collect$$rtexit$$00000000)
    __rt_exit_ls                             0x080001c9   Thumb Code     0  rtexit2.o(.ARM.Collect$$rtexit$$00000003)
    __rt_exit_prels_1                        0x080001c9   Thumb Code     0  rtexit2.o(.ARM.Collect$$rtexit$$00000002)
    __rt_exit_exit                           0x080001cd   Thumb Code     0  rtexit2.o(.ARM.Collect$$rtexit$$00000004)
    Reset_Handler                            0x080001d5   Thumb Code     8  startup_stm32f103xb.o(.text)
    ADC1_2_IRQHandler                        0x080001ef   Thumb Code     0  startup_stm32f103xb.o(.text)
    CAN1_RX1_IRQHandler                      0x080001ef   Thumb Code     0  startup_stm32f103xb.o(.text)
    CAN1_SCE_IRQHandler                      0x080001ef   Thumb Code     0  startup_stm32f103xb.o(.text)
    DMA1_Channel1_IRQHandler                 0x080001ef   Thumb Code     0  startup_stm32f103xb.o(.text)
    DMA1_Channel2_IRQHandler                 0x080001ef   Thumb Code     0  startup_stm32f103xb.o(.text)
    DMA1_Channel3_IRQHandler                 0x080001ef   Thumb Code     0  startup_stm32f103xb.o(.text)
    DMA1_Channel4_IRQHandler                 0x080001ef   Thumb Code     0  startup_stm32f103xb.o(.text)
    DMA1_Channel5_IRQHandler                 0x080001ef   Thumb Code     0  startup_stm32f103xb.o(.text)
    DMA1_Channel6_IRQHandler                 0x080001ef   Thumb Code     0  startup_stm32f103xb.o(.text)
    DMA1_Channel7_IRQHandler                 0x080001ef   Thumb Code     0  startup_stm32f103xb.o(.text)
    EXTI0_IRQHandler                         0x080001ef   Thumb Code     0  startup_stm32f103xb.o(.text)
    EXTI15_10_IRQHandler                     0x080001ef   Thumb Code     0  startup_stm32f103xb.o(.text)
    EXTI1_IRQHandler                         0x080001ef   Thumb Code     0  startup_stm32f103xb.o(.text)
    EXTI2_IRQHandler                         0x080001ef   Thumb Code     0  startup_stm32f103xb.o(.text)
    EXTI3_IRQHandler                         0x080001ef   Thumb Code     0  startup_stm32f103xb.o(.text)
    EXTI4_IRQHandler                         0x080001ef   Thumb Code     0  startup_stm32f103xb.o(.text)
    EXTI9_5_IRQHandler                       0x080001ef   Thumb Code     0  startup_stm32f103xb.o(.text)
    FLASH_IRQHandler                         0x080001ef   Thumb Code     0  startup_stm32f103xb.o(.text)
    I2C1_ER_IRQHandler                       0x080001ef   Thumb Code     0  startup_stm32f103xb.o(.text)
    I2C1_EV_IRQHandler                       0x080001ef   Thumb Code     0  startup_stm32f103xb.o(.text)
    I2C2_ER_IRQHandler                       0x080001ef   Thumb Code     0  startup_stm32f103xb.o(.text)
    I2C2_EV_IRQHandler                       0x080001ef   Thumb Code     0  startup_stm32f103xb.o(.text)
    PVD_IRQHandler                           0x080001ef   Thumb Code     0  startup_stm32f103xb.o(.text)
    RCC_IRQHandler                           0x080001ef   Thumb Code     0  startup_stm32f103xb.o(.text)
    RTC_Alarm_IRQHandler                     0x080001ef   Thumb Code     0  startup_stm32f103xb.o(.text)
    RTC_IRQHandler                           0x080001ef   Thumb Code     0  startup_stm32f103xb.o(.text)
    SPI1_IRQHandler                          0x080001ef   Thumb Code     0  startup_stm32f103xb.o(.text)
    SPI2_IRQHandler                          0x080001ef   Thumb Code     0  startup_stm32f103xb.o(.text)
    TAMPER_IRQHandler                        0x080001ef   Thumb Code     0  startup_stm32f103xb.o(.text)
    TIM1_BRK_IRQHandler                      0x080001ef   Thumb Code     0  startup_stm32f103xb.o(.text)
    TIM1_CC_IRQHandler                       0x080001ef   Thumb Code     0  startup_stm32f103xb.o(.text)
    TIM1_TRG_COM_IRQHandler                  0x080001ef   Thumb Code     0  startup_stm32f103xb.o(.text)
    TIM1_UP_IRQHandler                       0x080001ef   Thumb Code     0  startup_stm32f103xb.o(.text)
    TIM2_IRQHandler                          0x080001ef   Thumb Code     0  startup_stm32f103xb.o(.text)
    TIM3_IRQHandler                          0x080001ef   Thumb Code     0  startup_stm32f103xb.o(.text)
    TIM4_IRQHandler                          0x080001ef   Thumb Code     0  startup_stm32f103xb.o(.text)
    USART3_IRQHandler                        0x080001ef   Thumb Code     0  startup_stm32f103xb.o(.text)
    USBWakeUp_IRQHandler                     0x080001ef   Thumb Code     0  startup_stm32f103xb.o(.text)
    USB_HP_CAN1_TX_IRQHandler                0x080001ef   Thumb Code     0  startup_stm32f103xb.o(.text)
    USB_LP_CAN1_RX0_IRQHandler               0x080001ef   Thumb Code     0  startup_stm32f103xb.o(.text)
    WWDG_IRQHandler                          0x080001ef   Thumb Code     0  startup_stm32f103xb.o(.text)
    __user_initial_stackheap                 0x080001f1   Thumb Code     0  startup_stm32f103xb.o(.text)
    __2sprintf                               0x08000215   Thumb Code    34  noretval__2sprintf.o(.text)
    _printf_int_dec                          0x0800023d   Thumb Code   104  _printf_dec.o(.text)
    __printf                                 0x080002b5   Thumb Code   270  __printf_wp.o(.text)
    memcmp                                   0x080003c3   Thumb Code    88  memcmp.o(.text)
    strlen                                   0x0800041b   Thumb Code    62  strlen.o(.text)
    __aeabi_memclr                           0x08000459   Thumb Code     0  rt_memclr.o(.text)
    __rt_memclr                              0x08000459   Thumb Code     0  rt_memclr.o(.text)
    _memset                                  0x0800045d   Thumb Code    64  rt_memclr.o(.text)
    __aeabi_memclr4                          0x0800049d   Thumb Code     0  rt_memclr_w.o(.text)
    __aeabi_memclr8                          0x0800049d   Thumb Code     0  rt_memclr_w.o(.text)
    __rt_memclr_w                            0x0800049d   Thumb Code     0  rt_memclr_w.o(.text)
    _memset_w                                0x080004a1   Thumb Code    74  rt_memclr_w.o(.text)
    __use_two_region_memory                  0x080004eb   Thumb Code     2  heapauxi.o(.text)
    __rt_heap_escrow$2region                 0x080004ed   Thumb Code     2  heapauxi.o(.text)
    __rt_heap_expand$2region                 0x080004ef   Thumb Code     2  heapauxi.o(.text)
    _printf_int_common                       0x080004f1   Thumb Code   178  _printf_intcommon.o(.text)
    _printf_fp_dec_real                      0x08000753   Thumb Code   620  _printf_fp_dec.o(.text)
    _printf_char_common                      0x080009cb   Thumb Code    32  _printf_char_common.o(.text)
    _sputc                                   0x080009f1   Thumb Code    10  _sputc.o(.text)
    __rt_locale                              0x080009fd   Thumb Code     8  rt_locale_intlibspace.o(.text)
    _ll_udiv10                               0x08000a05   Thumb Code   138  lludiv10.o(.text)
    _printf_fp_infnan                        0x08000a91   Thumb Code   112  _printf_fp_infnan.o(.text)
    _btod_etento                             0x08000b11   Thumb Code   224  bigflt0.o(.text)
    __user_libspace                          0x08000bf5   Thumb Code     8  libspace.o(.text)
    __user_perproc_libspace                  0x08000bf5   Thumb Code     0  libspace.o(.text)
    __user_perthread_libspace                0x08000bf5   Thumb Code     0  libspace.o(.text)
    __user_setup_stackheap                   0x08000bfd   Thumb Code    74  sys_stackheap_outer.o(.text)
    exit                                     0x08000c47   Thumb Code    18  exit.o(.text)
    strcmp                                   0x08000c59   Thumb Code   128  strcmpv7m.o(.text)
    _sys_exit                                0x08000cd9   Thumb Code     8  sys_exit.o(.text)
    __I$use$semihosting                      0x08000ce5   Thumb Code     0  use_no_semi.o(.text)
    __use_no_semihosting_swi                 0x08000ce5   Thumb Code     2  use_no_semi.o(.text)
    __semihosting_library_function           0x08000ce7   Thumb Code     0  indicate_semi.o(.text)
    ADC_Enable                               0x08000ce9   Thumb Code   174  stm32f1xx_hal_adc.o(.text.ADC_Enable)
    BusFault_Handler                         0x08000d99   Thumb Code     2  stm32f1xx_it.o(.text.BusFault_Handler)
    CalulateCRC                              0x08000d9d   Thumb Code   468  rc522.o(.text.CalulateCRC)
    ClearBitMask                             0x08000f71   Thumb Code   156  rc522.o(.text.ClearBitMask)
    DHT11_Read_Data                          0x0800100d   Thumb Code   412  dht11.o(.text.DHT11_Read_Data)
    DebugMon_Handler                         0x080011a9   Thumb Code     2  stm32f1xx_it.o(.text.DebugMon_Handler)
    Error_Handler                            0x080011ad   Thumb Code    10  main.o(.text.Error_Handler)
    Get_MQ2_Percentage_value                 0x080011b9   Thumb Code    60  mq2.o(.text.Get_MQ2_Percentage_value)
    Get_humidity                             0x080011f5   Thumb Code    12  dht11.o(.text.Get_humidity)
    Get_temperature                          0x08001201   Thumb Code    12  dht11.o(.text.Get_temperature)
    HAL_ADC_ConfigChannel                    0x0800120d   Thumb Code   318  stm32f1xx_hal_adc.o(.text.HAL_ADC_ConfigChannel)
    HAL_ADC_GetValue                         0x0800134d   Thumb Code     6  stm32f1xx_hal_adc.o(.text.HAL_ADC_GetValue)
    HAL_ADC_Init                             0x08001355   Thumb Code   344  stm32f1xx_hal_adc.o(.text.HAL_ADC_Init)
    HAL_ADC_MspInit                          0x080014ad   Thumb Code   198  adc.o(.text.HAL_ADC_MspInit)
    HAL_ADC_PollForConversion                0x08001575   Thumb Code   622  stm32f1xx_hal_adc.o(.text.HAL_ADC_PollForConversion)
    HAL_ADC_Start                            0x080017e5   Thumb Code   206  stm32f1xx_hal_adc.o(.text.HAL_ADC_Start)
    HAL_DMA_Abort                            0x080018b5   Thumb Code    70  stm32f1xx_hal_dma.o(.text.HAL_DMA_Abort)
    HAL_DMA_Abort_IT                         0x080018fd   Thumb Code   182  stm32f1xx_hal_dma.o(.text.HAL_DMA_Abort_IT)
    HAL_Delay                                0x080019b5   Thumb Code   668  delay.o(.text.HAL_Delay)
    HAL_GPIO_Init                            0x08001c51   Thumb Code   526  stm32f1xx_hal_gpio.o(.text.HAL_GPIO_Init)
    HAL_GPIO_ReadPin                         0x08001e61   Thumb Code    10  stm32f1xx_hal_gpio.o(.text.HAL_GPIO_ReadPin)
    HAL_GPIO_WritePin                        0x08001e6d   Thumb Code    10  stm32f1xx_hal_gpio.o(.text.HAL_GPIO_WritePin)
    HAL_GetTick                              0x08001e79   Thumb Code    12  stm32f1xx_hal.o(.text.HAL_GetTick)
    HAL_I2C_Init                             0x08001e85   Thumb Code   356  stm32f1xx_hal_i2c.o(.text.HAL_I2C_Init)
    HAL_I2C_Master_Transmit                  0x08001fe9   Thumb Code   476  stm32f1xx_hal_i2c.o(.text.HAL_I2C_Master_Transmit)
    HAL_I2C_MspInit                          0x080021c5   Thumb Code   130  i2c.o(.text.HAL_I2C_MspInit)
    HAL_IncTick                              0x08002249   Thumb Code    26  stm32f1xx_hal.o(.text.HAL_IncTick)
    HAL_Init                                 0x08002265   Thumb Code    38  stm32f1xx_hal.o(.text.HAL_Init)
    HAL_InitTick                             0x0800228d   Thumb Code    72  stm32f1xx_hal.o(.text.HAL_InitTick)
    HAL_MspInit                              0x080022d5   Thumb Code    66  stm32f1xx_hal_msp.o(.text.HAL_MspInit)
    HAL_NVIC_EnableIRQ                       0x08002319   Thumb Code    34  stm32f1xx_hal_cortex.o(.text.HAL_NVIC_EnableIRQ)
    HAL_NVIC_SetPriority                     0x0800233d   Thumb Code    86  stm32f1xx_hal_cortex.o(.text.HAL_NVIC_SetPriority)
    HAL_NVIC_SetPriorityGrouping             0x08002395   Thumb Code    32  stm32f1xx_hal_cortex.o(.text.HAL_NVIC_SetPriorityGrouping)
    HAL_RCCEx_GetPeriphCLKFreq               0x080023b5   Thumb Code   228  stm32f1xx_hal_rcc_ex.o(.text.HAL_RCCEx_GetPeriphCLKFreq)
    HAL_RCCEx_PeriphCLKConfig                0x080024ad   Thumb Code   258  stm32f1xx_hal_rcc_ex.o(.text.HAL_RCCEx_PeriphCLKConfig)
    HAL_RCC_ClockConfig                      0x080025b1   Thumb Code   442  stm32f1xx_hal_rcc.o(.text.HAL_RCC_ClockConfig)
    HAL_RCC_GetPCLK1Freq                     0x0800276d   Thumb Code    38  stm32f1xx_hal_rcc.o(.text.HAL_RCC_GetPCLK1Freq)
    HAL_RCC_GetPCLK2Freq                     0x08002795   Thumb Code    38  stm32f1xx_hal_rcc.o(.text.HAL_RCC_GetPCLK2Freq)
    HAL_RCC_OscConfig                        0x080027bd   Thumb Code  1024  stm32f1xx_hal_rcc.o(.text.HAL_RCC_OscConfig)
    HAL_SPI_Init                             0x08002bbd   Thumb Code   168  stm32f1xx_hal_spi.o(.text.HAL_SPI_Init)
    HAL_SPI_MspInit                          0x08002c65   Thumb Code   122  spi.o(.text.HAL_SPI_MspInit)
    HAL_SPI_Receive                          0x08002ce1   Thumb Code   502  stm32f1xx_hal_spi.o(.text.HAL_SPI_Receive)
    HAL_SPI_Transmit                         0x08002ed9   Thumb Code   504  stm32f1xx_hal_spi.o(.text.HAL_SPI_Transmit)
    HAL_SPI_TransmitReceive                  0x080030d1   Thumb Code   724  stm32f1xx_hal_spi.o(.text.HAL_SPI_TransmitReceive)
    HAL_SYSTICK_CLKSourceConfig              0x080033a5   Thumb Code    24  stm32f1xx_hal_cortex.o(.text.HAL_SYSTICK_CLKSourceConfig)
    HAL_SYSTICK_Config                       0x080033bd   Thumb Code    44  stm32f1xx_hal_cortex.o(.text.HAL_SYSTICK_Config)
    HAL_TIMEx_MasterConfigSynchronization    0x080033e9   Thumb Code   126  stm32f1xx_hal_tim_ex.o(.text.HAL_TIMEx_MasterConfigSynchronization)
    HAL_TIM_PWM_ConfigChannel                0x08003469   Thumb Code   516  stm32f1xx_hal_tim.o(.text.HAL_TIM_PWM_ConfigChannel)
    HAL_TIM_PWM_Init                         0x0800366d   Thumb Code   236  stm32f1xx_hal_tim.o(.text.HAL_TIM_PWM_Init)
    HAL_TIM_PWM_MspInit                      0x08003759   Thumb Code    42  tim.o(.text.HAL_TIM_PWM_MspInit)
    HAL_TIM_PWM_Start                        0x08003785   Thumb Code   218  stm32f1xx_hal_tim.o(.text.HAL_TIM_PWM_Start)
    HAL_UARTEx_RxEventCallback               0x08003861   Thumb Code     2  stm32f1xx_hal_uart.o(.text.HAL_UARTEx_RxEventCallback)
    HAL_UART_ErrorCallback                   0x08003865   Thumb Code     2  stm32f1xx_hal_uart.o(.text.HAL_UART_ErrorCallback)
    HAL_UART_IRQHandler                      0x08003869   Thumb Code  1392  stm32f1xx_hal_uart.o(.text.HAL_UART_IRQHandler)
    HAL_UART_Init                            0x08003dd9   Thumb Code   226  stm32f1xx_hal_uart.o(.text.HAL_UART_Init)
    HAL_UART_MspInit                         0x08003ebd   Thumb Code   260  usart.o(.text.HAL_UART_MspInit)
    HAL_UART_Receive_IT                      0x08003fc1   Thumb Code    84  stm32f1xx_hal_uart.o(.text.HAL_UART_Receive_IT)
    HAL_UART_RxCpltCallback                  0x08004015   Thumb Code   202  usart.o(.text.HAL_UART_RxCpltCallback)
    HAL_UART_Transmit                        0x080040e1   Thumb Code   626  stm32f1xx_hal_uart.o(.text.HAL_UART_Transmit)
    HAL_UART_TxCpltCallback                  0x08004355   Thumb Code     2  stm32f1xx_hal_uart.o(.text.HAL_UART_TxCpltCallback)
    HardFault_Handler                        0x08004359   Thumb Code     2  stm32f1xx_it.o(.text.HardFault_Handler)
    MX_ADC1_Init                             0x08004779   Thumb Code   100  adc.o(.text.MX_ADC1_Init)
    MX_ADC2_Init                             0x080047dd   Thumb Code   102  adc.o(.text.MX_ADC2_Init)
    MX_GPIO_Init                             0x08004845   Thumb Code   308  gpio.o(.text.MX_GPIO_Init)
    MX_I2C1_Init                             0x08004979   Thumb Code    66  i2c.o(.text.MX_I2C1_Init)
    MX_SPI1_Init                             0x080049bd   Thumb Code    76  spi.o(.text.MX_SPI1_Init)
    MX_TIM2_Init                             0x08004a09   Thumb Code   250  tim.o(.text.MX_TIM2_Init)
    MX_USART1_UART_Init                      0x08004b05   Thumb Code    80  usart.o(.text.MX_USART1_UART_Init)
    MX_USART2_UART_Init                      0x08004b55   Thumb Code    76  usart.o(.text.MX_USART2_UART_Init)
    MemManage_Handler                        0x08004ba1   Thumb Code     2  stm32f1xx_it.o(.text.MemManage_Handler)
    NMI_Handler                              0x08004ba5   Thumb Code     2  stm32f1xx_it.o(.text.NMI_Handler)
    OLED_Clear                               0x08004ba9   Thumb Code  1166  oled.o(.text.OLED_Clear)
    OLED_Init                                0x08005039   Thumb Code  1794  oled.o(.text.OLED_Init)
    OLED_Refresh                             0x0800573d   Thumb Code   390  oled.o(.text.OLED_Refresh)
    OLED_ShowChar                            0x080058c5   Thumb Code  1482  oled.o(.text.OLED_ShowChar)
    OLED_ShowString                          0x08005e91   Thumb Code    84  oled.o(.text.OLED_ShowString)
    PcdAntennaOff                            0x08005ee5   Thumb Code     8  rc522.o(.text.PcdAntennaOff)
    PcdAntennaOn                             0x08005eed   Thumb Code   112  rc522.o(.text.PcdAntennaOn)
    PcdAnticoll                              0x08005f5d   Thumb Code   160  rc522.o(.text.PcdAnticoll)
    PcdAuthState                             0x08005ffd   Thumb Code   158  rc522.o(.text.PcdAuthState)
    PcdComMF522                              0x0800609d   Thumb Code   898  rc522.o(.text.PcdComMF522)
    PcdHalt                                  0x08006421   Thumb Code    50  rc522.o(.text.PcdHalt)
    PcdRequest                               0x08006455   Thumb Code   132  rc522.o(.text.PcdRequest)
    PcdReset                                 0x080064d9   Thumb Code   470  rc522.o(.text.PcdReset)
    PcdSelect                                0x080066b1   Thumb Code   102  rc522.o(.text.PcdSelect)
    PendSV_Handler                           0x08006719   Thumb Code     2  stm32f1xx_it.o(.text.PendSV_Handler)
    Process_RFID                             0x0800671d   Thumb Code   216  main.o(.text.Process_RFID)
    SVC_Handler                              0x080068e1   Thumb Code     2  stm32f1xx_it.o(.text.SVC_Handler)
    SetBitMask                               0x080068e5   Thumb Code   156  rc522.o(.text.SetBitMask)
    SysTick_Handler                          0x08006981   Thumb Code     4  stm32f1xx_it.o(.text.SysTick_Handler)
    SystemInit                               0x08006985   Thumb Code     2  system_stm32f1xx.o(.text.SystemInit)
    USART1_IRQHandler                        0x08006a95   Thumb Code    36  usart.o(.text.USART1_IRQHandler)
    USART2_IRQHandler                        0x08006ab9   Thumb Code    44  usart.o(.text.USART2_IRQHandler)
    UsageFault_Handler                       0x08006ae5   Thumb Code     2  stm32f1xx_it.o(.text.UsageFault_Handler)
    delay_init                               0x08006ae9   Thumb Code    36  delay.o(.text.delay_init)
    delay_ms                                 0x08006b0d   Thumb Code   664  delay.o(.text.delay_ms)
    delay_us                                 0x08006da5   Thumb Code    90  delay.o(.text.delay_us)
    key_scan                                 0x08006e01   Thumb Code   228  key.o(.text.key_scan)
    main                                     0x08006ee5   Thumb Code  1268  main.o(.text.main)
    step_motor1_off                          0x08007425   Thumb Code    48  step_motor.o(.text.step_motor1_off)
    step_motor1_on                           0x08007455   Thumb Code    48  step_motor.o(.text.step_motor1_on)
    step_motor2_off                          0x08007485   Thumb Code    16  step_motor.o(.text.step_motor2_off)
    step_motor2_on                           0x08007495   Thumb Code    34  step_motor.o(.text.step_motor2_on)
    _btod_d2e                                0x080074b7   Thumb Code    62  btod.o(CL$$btod_d2e)
    _d2e_denorm_low                          0x080074f5   Thumb Code    70  btod.o(CL$$btod_d2e_denorm_low)
    _d2e_norm_op1                            0x0800753b   Thumb Code    96  btod.o(CL$$btod_d2e_norm_op1)
    __btod_div_common                        0x0800759d   Thumb Code   696  btod.o(CL$$btod_div_common)
    _e2e                                     0x080078d5   Thumb Code   220  btod.o(CL$$btod_e2e)
    _btod_ediv                               0x080079b1   Thumb Code    42  btod.o(CL$$btod_ediv)
    _btod_emul                               0x080079db   Thumb Code    42  btod.o(CL$$btod_emul)
    __btod_mult_common                       0x08007a05   Thumb Code   580  btod.o(CL$$btod_mult_common)
    __ARM_fpclassify                         0x08007c49   Thumb Code    40  fpclassify.o(i.__ARM_fpclassify)
    _is_digit                                0x08007c71   Thumb Code    14  __printf_wp.o(i._is_digit)
    _get_lc_numeric                          0x08007c81   Thumb Code    44  lc_numeric_c.o(locale$$code)
    __aeabi_d2f                              0x08007cad   Thumb Code     0  d2f.o(x$fpl$d2f)
    _d2f                                     0x08007cad   Thumb Code    98  d2f.o(x$fpl$d2f)
    __aeabi_ul2d                             0x08007d11   Thumb Code     0  dfltll_clz.o(x$fpl$dfltull)
    _ll_uto_d                                0x08007d11   Thumb Code   138  dfltll_clz.o(x$fpl$dfltull)
    __aeabi_dmul                             0x08007d9d   Thumb Code     0  dmul.o(x$fpl$dmul)
    _dmul                                    0x08007d9d   Thumb Code   332  dmul.o(x$fpl$dmul)
    __fpl_dnaninf                            0x08007ef1   Thumb Code   156  dnaninf.o(x$fpl$dnaninf)
    __fpl_dretinf                            0x08007f8d   Thumb Code    12  dretinf.o(x$fpl$dretinf)
    __aeabi_f2d                              0x08007f99   Thumb Code     0  f2d.o(x$fpl$f2d)
    _f2d                                     0x08007f99   Thumb Code    86  f2d.o(x$fpl$f2d)
    __aeabi_fadd                             0x08007ff1   Thumb Code     0  faddsub_clz.o(x$fpl$fadd)
    _fadd                                    0x08007ff1   Thumb Code   196  faddsub_clz.o(x$fpl$fadd)
    __aeabi_fcmpeq                           0x080080b5   Thumb Code     0  fcmp.o(x$fpl$fcmp)
    _feq                                     0x080080b5   Thumb Code    14  fcmp.o(x$fpl$fcmp)
    _fneq                                    0x080080c3   Thumb Code    14  fcmp.o(x$fpl$fcmp)
    __aeabi_fcmpgt                           0x080080d1   Thumb Code     0  fcmp.o(x$fpl$fcmp)
    _fgr                                     0x080080d1   Thumb Code    14  fcmp.o(x$fpl$fcmp)
    __aeabi_fcmpge                           0x080080df   Thumb Code     0  fcmp.o(x$fpl$fcmp)
    _fgeq                                    0x080080df   Thumb Code    14  fcmp.o(x$fpl$fcmp)
    __aeabi_fcmple                           0x080080ed   Thumb Code     0  fcmp.o(x$fpl$fcmp)
    _fleq                                    0x080080ed   Thumb Code    14  fcmp.o(x$fpl$fcmp)
    __aeabi_fcmplt                           0x080080fb   Thumb Code     0  fcmp.o(x$fpl$fcmp)
    _fls                                     0x080080fb   Thumb Code    14  fcmp.o(x$fpl$fcmp)
    __fpl_fcmp_Inf                           0x08008109   Thumb Code    24  fcmpi.o(x$fpl$fcmpinf)
    __aeabi_fdiv                             0x08008121   Thumb Code     0  fdiv.o(x$fpl$fdiv)
    _fdiv                                    0x08008121   Thumb Code   384  fdiv.o(x$fpl$fdiv)
    __aeabi_cfcmpeq                          0x080082a5   Thumb Code     0  feqf.o(x$fpl$feqf)
    _fcmpeq                                  0x080082a5   Thumb Code   104  feqf.o(x$fpl$feqf)
    __aeabi_f2iz                             0x0800830d   Thumb Code     0  ffix.o(x$fpl$ffix)
    _ffix                                    0x0800830d   Thumb Code    54  ffix.o(x$fpl$ffix)
    __aeabi_ul2f                             0x08008343   Thumb Code     0  ffltll_clz.o(x$fpl$ffltll)
    _ll_uto_f                                0x08008343   Thumb Code     6  ffltll_clz.o(x$fpl$ffltll)
    __aeabi_l2f                              0x08008349   Thumb Code     0  ffltll_clz.o(x$fpl$ffltll)
    _ll_sto_f                                0x08008349   Thumb Code    90  ffltll_clz.o(x$fpl$ffltll)
    __aeabi_ui2f                             0x080083a5   Thumb Code     0  fflt_clz.o(x$fpl$ffltu)
    _ffltu                                   0x080083a5   Thumb Code    38  fflt_clz.o(x$fpl$ffltu)
    _fcmpge                                  0x080083cd   Thumb Code   104  fgeqf.o(x$fpl$fgeqf)
    __aeabi_cfcmple                          0x08008435   Thumb Code     0  fleqf.o(x$fpl$fleqf)
    _fcmple                                  0x08008435   Thumb Code   104  fleqf.o(x$fpl$fleqf)
    __fpl_fcmple_InfNaN                      0x08008487   Thumb Code     0  fleqf.o(x$fpl$fleqf)
    __aeabi_fmul                             0x0800849d   Thumb Code     0  fmul.o(x$fpl$fmul)
    _fmul                                    0x0800849d   Thumb Code   258  fmul.o(x$fpl$fmul)
    __fpl_fnaninf                            0x0800859f   Thumb Code   140  fnaninf.o(x$fpl$fnaninf)
    __fpl_fretinf                            0x0800862b   Thumb Code    10  fretinf.o(x$fpl$fretinf)
    __aeabi_fsub                             0x08008635   Thumb Code     0  faddsub_clz.o(x$fpl$fsub)
    _fsub                                    0x08008635   Thumb Code   234  faddsub_clz.o(x$fpl$fsub)
    _printf_fp_dec                           0x0800871f   Thumb Code     4  printf1.o(x$fpl$printf1)
    __I$use$fp                               0x08008722   Number         0  usenofp.o(x$fpl$usenofp)
    AHBPrescTable                            0x080087b8   Data          16  system_stm32f1xx.o(.rodata.AHBPrescTable)
    APBPrescTable                            0x080087c8   Data           8  system_stm32f1xx.o(.rodata.APBPrescTable)
    asc2_0806                                0x080087d2   Data         552  oled.o(.rodata.asc2_0806)
    asc2_1206                                0x080089fa   Data        1140  oled.o(.rodata.asc2_1206)
    asc2_1608                                0x08008e6e   Data        1520  oled.o(.rodata.asc2_1608)
    asc2_2412                                0x0800945e   Data        3420  oled.o(.rodata.asc2_2412)
    Region$$Table$$Base                      0x0800a21c   Number         0  anon$$obj.o(Region$$Table)
    Region$$Table$$Limit                     0x0800a23c   Number         0  anon$$obj.o(Region$$Table)
    flag_led                                 0x20000000   Data           1  main.o(.data..L_MergedGlobals)
    flag_motor                               0x20000001   Data           1  main.o(.data..L_MergedGlobals)
    flag_speed                               0x20000002   Data           1  main.o(.data..L_MergedGlobals)
    flag_bee                                 0x20000003   Data           1  main.o(.data..L_MergedGlobals)
    uwTickFreq                               0x20000004   Data           1  stm32f1xx_hal.o(.data..L_MergedGlobals)
    uwTickPrio                               0x20000008   Data           4  stm32f1xx_hal.o(.data..L_MergedGlobals)
    SystemCoreClock                          0x2000000c   Data           4  system_stm32f1xx.o(.data.SystemCoreClock)
    valid_card_ids                           0x20000010   Data           8  main.o(.data.valid_card_ids)
    __libspace_start                         0x20000018   Data          96  libspace.o(.bss)
    __temporary_stack_top$libspace           0x20000078   Data           0  libspace.o(.bss)
    g_rx_buffer                              0x20000078   Data           1  usart.o(.bss..L_MergedGlobals)
    g_rx2_buffer                             0x20000079   Data           1  usart.o(.bss..L_MergedGlobals)
    g_usart_rx_sta                           0x2000007a   Data           2  usart.o(.bss..L_MergedGlobals)
    g_usart2_rx_sta                          0x2000007c   Data           2  usart.o(.bss..L_MergedGlobals)
    huart1                                   0x20000080   Data          72  usart.o(.bss..L_MergedGlobals)
    temperature                              0x200000c8   Data           4  dht11.o(.bss..L_MergedGlobals)
    humidity                                 0x200000cc   Data           4  dht11.o(.bss..L_MergedGlobals)
    OLED_GRAM                                0x200000dc   Data        1024  oled.o(.bss.OLED_GRAM)
    g_usart2_rx_buf                          0x200004de   Data         200  usart.o(.bss.g_usart2_rx_buf)
    g_usart_rx_buf                           0x200005a6   Data         200  usart.o(.bss.g_usart_rx_buf)
    hadc1                                    0x20000670   Data          48  adc.o(.bss.hadc1)
    hadc2                                    0x200006a0   Data          48  adc.o(.bss.hadc2)
    hi2c1                                    0x200006d0   Data          84  i2c.o(.bss.hi2c1)
    hspi1                                    0x20000724   Data          88  spi.o(.bss.hspi1)
    htim2                                    0x2000077c   Data          72  tim.o(.bss.htim2)
    huart2                                   0x200007c4   Data          72  usart.o(.bss.huart2)
    uwTick                                   0x20000810   Data           4  stm32f1xx_hal.o(.bss.uwTick)



==============================================================================

Memory Map of the image

  Image Entry point : 0x080000ed

  Load Region LR_IROM1 (Base: 0x08000000, Size: 0x0000a270, Max: 0x00010000, ABSOLUTE)

    Execution Region ER_IROM1 (Exec base: 0x08000000, Load base: 0x08000000, Size: 0x0000a258, Max: 0x00010000, ABSOLUTE)

    Exec Addr    Load Addr    Size         Type   Attr      Idx    E Section Name        Object

    0x08000000   0x08000000   0x000000ec   Data   RO            3    RESET               startup_stm32f103xb.o
    0x080000ec   0x080000ec   0x00000008   Code   RO         1588  * !!!main             c_w.l(__main.o)
    0x080000f4   0x080000f4   0x0000005c   Code   RO         1870    !!!scatter          c_w.l(__scatter.o)
    0x08000150   0x08000150   0x0000001a   Code   RO         1874    !!handler_copy      c_w.l(__scatter_copy.o)
    0x0800016a   0x0800016a   0x00000002   PAD
    0x0800016c   0x0800016c   0x00000002   Code   RO         1871    !!handler_null      c_w.l(__scatter.o)
    0x0800016e   0x0800016e   0x00000002   PAD
    0x08000170   0x08000170   0x0000001c   Code   RO         1876    !!handler_zi        c_w.l(__scatter_zi.o)
    0x0800018c   0x0800018c   0x00000000   Code   RO         1577    .ARM.Collect$$_printf_percent$$00000000  c_w.l(_printf_percent.o)
    0x0800018c   0x0800018c   0x00000006   Code   RO         1576    .ARM.Collect$$_printf_percent$$00000003  c_w.l(_printf_f.o)
    0x08000192   0x08000192   0x00000006   Code   RO         1575    .ARM.Collect$$_printf_percent$$00000009  c_w.l(_printf_d.o)
    0x08000198   0x08000198   0x00000004   Code   RO         1639    .ARM.Collect$$_printf_percent$$00000017  c_w.l(_printf_percent_end.o)
    0x0800019c   0x0800019c   0x00000002   Code   RO         1733    .ARM.Collect$$libinit$$00000000  c_w.l(libinit.o)
    0x0800019e   0x0800019e   0x00000000   Code   RO         1735    .ARM.Collect$$libinit$$00000002  c_w.l(libinit2.o)
    0x0800019e   0x0800019e   0x00000000   Code   RO         1737    .ARM.Collect$$libinit$$00000004  c_w.l(libinit2.o)
    0x0800019e   0x0800019e   0x00000000   Code   RO         1739    .ARM.Collect$$libinit$$00000006  c_w.l(libinit2.o)
    0x0800019e   0x0800019e   0x00000000   Code   RO         1742    .ARM.Collect$$libinit$$0000000C  c_w.l(libinit2.o)
    0x0800019e   0x0800019e   0x00000000   Code   RO         1744    .ARM.Collect$$libinit$$0000000E  c_w.l(libinit2.o)
    0x0800019e   0x0800019e   0x00000000   Code   RO         1746    .ARM.Collect$$libinit$$00000010  c_w.l(libinit2.o)
    0x0800019e   0x0800019e   0x00000006   Code   RO         1747    .ARM.Collect$$libinit$$00000011  c_w.l(libinit2.o)
    0x080001a4   0x080001a4   0x00000000   Code   RO         1749    .ARM.Collect$$libinit$$00000013  c_w.l(libinit2.o)
    0x080001a4   0x080001a4   0x00000000   Code   RO         1751    .ARM.Collect$$libinit$$00000015  c_w.l(libinit2.o)
    0x080001a4   0x080001a4   0x00000000   Code   RO         1753    .ARM.Collect$$libinit$$00000017  c_w.l(libinit2.o)
    0x080001a4   0x080001a4   0x0000000a   Code   RO         1754    .ARM.Collect$$libinit$$00000018  c_w.l(libinit2.o)
    0x080001ae   0x080001ae   0x00000000   Code   RO         1755    .ARM.Collect$$libinit$$00000019  c_w.l(libinit2.o)
    0x080001ae   0x080001ae   0x00000000   Code   RO         1757    .ARM.Collect$$libinit$$0000001B  c_w.l(libinit2.o)
    0x080001ae   0x080001ae   0x00000000   Code   RO         1759    .ARM.Collect$$libinit$$0000001D  c_w.l(libinit2.o)
    0x080001ae   0x080001ae   0x00000000   Code   RO         1761    .ARM.Collect$$libinit$$0000001F  c_w.l(libinit2.o)
    0x080001ae   0x080001ae   0x00000000   Code   RO         1763    .ARM.Collect$$libinit$$00000021  c_w.l(libinit2.o)
    0x080001ae   0x080001ae   0x00000000   Code   RO         1765    .ARM.Collect$$libinit$$00000023  c_w.l(libinit2.o)
    0x080001ae   0x080001ae   0x00000000   Code   RO         1767    .ARM.Collect$$libinit$$00000025  c_w.l(libinit2.o)
    0x080001ae   0x080001ae   0x00000000   Code   RO         1769    .ARM.Collect$$libinit$$00000027  c_w.l(libinit2.o)
    0x080001ae   0x080001ae   0x00000000   Code   RO         1773    .ARM.Collect$$libinit$$0000002E  c_w.l(libinit2.o)
    0x080001ae   0x080001ae   0x00000000   Code   RO         1775    .ARM.Collect$$libinit$$00000030  c_w.l(libinit2.o)
    0x080001ae   0x080001ae   0x00000000   Code   RO         1777    .ARM.Collect$$libinit$$00000032  c_w.l(libinit2.o)
    0x080001ae   0x080001ae   0x00000000   Code   RO         1779    .ARM.Collect$$libinit$$00000034  c_w.l(libinit2.o)
    0x080001ae   0x080001ae   0x00000002   Code   RO         1780    .ARM.Collect$$libinit$$00000035  c_w.l(libinit2.o)
    0x080001b0   0x080001b0   0x00000002   Code   RO         1816    .ARM.Collect$$libshutdown$$00000000  c_w.l(libshutdown.o)
    0x080001b2   0x080001b2   0x00000000   Code   RO         1827    .ARM.Collect$$libshutdown$$00000002  c_w.l(libshutdown2.o)
    0x080001b2   0x080001b2   0x00000000   Code   RO         1829    .ARM.Collect$$libshutdown$$00000004  c_w.l(libshutdown2.o)
    0x080001b2   0x080001b2   0x00000000   Code   RO         1832    .ARM.Collect$$libshutdown$$00000007  c_w.l(libshutdown2.o)
    0x080001b2   0x080001b2   0x00000000   Code   RO         1835    .ARM.Collect$$libshutdown$$0000000A  c_w.l(libshutdown2.o)
    0x080001b2   0x080001b2   0x00000000   Code   RO         1837    .ARM.Collect$$libshutdown$$0000000C  c_w.l(libshutdown2.o)
    0x080001b2   0x080001b2   0x00000000   Code   RO         1840    .ARM.Collect$$libshutdown$$0000000F  c_w.l(libshutdown2.o)
    0x080001b2   0x080001b2   0x00000002   Code   RO         1841    .ARM.Collect$$libshutdown$$00000010  c_w.l(libshutdown2.o)
    0x080001b4   0x080001b4   0x00000000   Code   RO         1628    .ARM.Collect$$rtentry$$00000000  c_w.l(__rtentry.o)
    0x080001b4   0x080001b4   0x00000000   Code   RO         1656    .ARM.Collect$$rtentry$$00000002  c_w.l(__rtentry2.o)
    0x080001b4   0x080001b4   0x00000006   Code   RO         1668    .ARM.Collect$$rtentry$$00000004  c_w.l(__rtentry4.o)
    0x080001ba   0x080001ba   0x00000000   Code   RO         1658    .ARM.Collect$$rtentry$$00000009  c_w.l(__rtentry2.o)
    0x080001ba   0x080001ba   0x00000004   Code   RO         1659    .ARM.Collect$$rtentry$$0000000A  c_w.l(__rtentry2.o)
    0x080001be   0x080001be   0x00000000   Code   RO         1661    .ARM.Collect$$rtentry$$0000000C  c_w.l(__rtentry2.o)
    0x080001be   0x080001be   0x00000008   Code   RO         1662    .ARM.Collect$$rtentry$$0000000D  c_w.l(__rtentry2.o)
    0x080001c6   0x080001c6   0x00000002   Code   RO         1781    .ARM.Collect$$rtexit$$00000000  c_w.l(rtexit.o)
    0x080001c8   0x080001c8   0x00000000   Code   RO         1790    .ARM.Collect$$rtexit$$00000002  c_w.l(rtexit2.o)
    0x080001c8   0x080001c8   0x00000004   Code   RO         1791    .ARM.Collect$$rtexit$$00000003  c_w.l(rtexit2.o)
    0x080001cc   0x080001cc   0x00000006   Code   RO         1792    .ARM.Collect$$rtexit$$00000004  c_w.l(rtexit2.o)
    0x080001d2   0x080001d2   0x00000002   PAD
    0x080001d4   0x080001d4   0x00000040   Code   RO            4    .text               startup_stm32f103xb.o
    0x08000214   0x08000214   0x00000028   Code   RO         1549    .text               c_w.l(noretval__2sprintf.o)
    0x0800023c   0x0800023c   0x00000078   Code   RO         1553    .text               c_w.l(_printf_dec.o)
    0x080002b4   0x080002b4   0x0000010e   Code   RO         1563    .text               c_w.l(__printf_wp.o)
    0x080003c2   0x080003c2   0x00000058   Code   RO         1578    .text               c_w.l(memcmp.o)
    0x0800041a   0x0800041a   0x0000003e   Code   RO         1580    .text               c_w.l(strlen.o)
    0x08000458   0x08000458   0x00000044   Code   RO         1582    .text               c_w.l(rt_memclr.o)
    0x0800049c   0x0800049c   0x0000004e   Code   RO         1584    .text               c_w.l(rt_memclr_w.o)
    0x080004ea   0x080004ea   0x00000006   Code   RO         1586    .text               c_w.l(heapauxi.o)
    0x080004f0   0x080004f0   0x000000b2   Code   RO         1629    .text               c_w.l(_printf_intcommon.o)
    0x080005a2   0x080005a2   0x0000041c   Code   RO         1631    .text               c_w.l(_printf_fp_dec.o)
    0x080009be   0x080009be   0x00000002   PAD
    0x080009c0   0x080009c0   0x00000030   Code   RO         1635    .text               c_w.l(_printf_char_common.o)
    0x080009f0   0x080009f0   0x0000000a   Code   RO         1637    .text               c_w.l(_sputc.o)
    0x080009fa   0x080009fa   0x00000002   PAD
    0x080009fc   0x080009fc   0x00000008   Code   RO         1673    .text               c_w.l(rt_locale_intlibspace.o)
    0x08000a04   0x08000a04   0x0000008a   Code   RO         1675    .text               c_w.l(lludiv10.o)
    0x08000a8e   0x08000a8e   0x00000002   PAD
    0x08000a90   0x08000a90   0x00000080   Code   RO         1677    .text               c_w.l(_printf_fp_infnan.o)
    0x08000b10   0x08000b10   0x000000e4   Code   RO         1681    .text               c_w.l(bigflt0.o)
    0x08000bf4   0x08000bf4   0x00000008   Code   RO         1717    .text               c_w.l(libspace.o)
    0x08000bfc   0x08000bfc   0x0000004a   Code   RO         1720    .text               c_w.l(sys_stackheap_outer.o)
    0x08000c46   0x08000c46   0x00000012   Code   RO         1724    .text               c_w.l(exit.o)
    0x08000c58   0x08000c58   0x00000080   Code   RO         1726    .text               c_w.l(strcmpv7m.o)
    0x08000cd8   0x08000cd8   0x0000000c   Code   RO         1802    .text               c_w.l(sys_exit.o)
    0x08000ce4   0x08000ce4   0x00000002   Code   RO         1817    .text               c_w.l(use_no_semi.o)
    0x08000ce6   0x08000ce6   0x00000000   Code   RO         1819    .text               c_w.l(indicate_semi.o)
    0x08000ce6   0x08000ce6   0x00000002   PAD
    0x08000ce8   0x08000ce8   0x000000ae   Code   RO          209    .text.ADC_Enable    stm32f1xx_hal_adc.o
    0x08000d96   0x08000d96   0x00000002   PAD
    0x08000d98   0x08000d98   0x00000002   Code   RO          155    .text.BusFault_Handler  stm32f1xx_it.o
    0x08000d9a   0x08000d9a   0x00000002   PAD
    0x08000d9c   0x08000d9c   0x000001d4   Code   RO         1432    .text.CalulateCRC   rc522.o
    0x08000f70   0x08000f70   0x0000009c   Code   RO         1420    .text.ClearBitMask  rc522.o
    0x0800100c   0x0800100c   0x0000019c   Code   RO         1391    .text.DHT11_Read_Data  dht11.o
    0x080011a8   0x080011a8   0x00000002   Code   RO          161    .text.DebugMon_Handler  stm32f1xx_it.o
    0x080011aa   0x080011aa   0x00000002   PAD
    0x080011ac   0x080011ac   0x0000000a   Code   RO           23    .text.Error_Handler  main.o
    0x080011b6   0x080011b6   0x00000002   PAD
    0x080011b8   0x080011b8   0x0000003c   Code   RO         1408    .text.Get_MQ2_Percentage_value  mq2.o
    0x080011f4   0x080011f4   0x0000000c   Code   RO         1395    .text.Get_humidity  dht11.o
    0x08001200   0x08001200   0x0000000c   Code   RO         1393    .text.Get_temperature  dht11.o
    0x0800120c   0x0800120c   0x0000013e   Code   RO          243    .text.HAL_ADC_ConfigChannel  stm32f1xx_hal_adc.o
    0x0800134a   0x0800134a   0x00000002   PAD
    0x0800134c   0x0800134c   0x00000006   Code   RO          231    .text.HAL_ADC_GetValue  stm32f1xx_hal_adc.o
    0x08001352   0x08001352   0x00000002   PAD
    0x08001354   0x08001354   0x00000158   Code   RO          197    .text.HAL_ADC_Init  stm32f1xx_hal_adc.o
    0x080014ac   0x080014ac   0x000000c6   Code   RO           60    .text.HAL_ADC_MspInit  adc.o
    0x08001572   0x08001572   0x00000002   PAD
    0x08001574   0x08001574   0x0000026e   Code   RO          213    .text.HAL_ADC_PollForConversion  stm32f1xx_hal_adc.o
    0x080017e2   0x080017e2   0x00000002   PAD
    0x080017e4   0x080017e4   0x000000ce   Code   RO          207    .text.HAL_ADC_Start  stm32f1xx_hal_adc.o
    0x080018b2   0x080018b2   0x00000002   PAD
    0x080018b4   0x080018b4   0x00000046   Code   RO          437    .text.HAL_DMA_Abort  stm32f1xx_hal_dma.o
    0x080018fa   0x080018fa   0x00000002   PAD
    0x080018fc   0x080018fc   0x000000b6   Code   RO          439    .text.HAL_DMA_Abort_IT  stm32f1xx_hal_dma.o
    0x080019b2   0x080019b2   0x00000002   PAD
    0x080019b4   0x080019b4   0x0000029c   Code   RO         1534    .text.HAL_Delay     delay.o
    0x08001c50   0x08001c50   0x0000020e   Code   RO          405    .text.HAL_GPIO_Init  stm32f1xx_hal_gpio.o
    0x08001e5e   0x08001e5e   0x00000002   PAD
    0x08001e60   0x08001e60   0x0000000a   Code   RO          409    .text.HAL_GPIO_ReadPin  stm32f1xx_hal_gpio.o
    0x08001e6a   0x08001e6a   0x00000002   PAD
    0x08001e6c   0x08001e6c   0x0000000a   Code   RO          411    .text.HAL_GPIO_WritePin  stm32f1xx_hal_gpio.o
    0x08001e76   0x08001e76   0x00000002   PAD
    0x08001e78   0x08001e78   0x0000000c   Code   RO          305    .text.HAL_GetTick   stm32f1xx_hal.o
    0x08001e84   0x08001e84   0x00000164   Code   RO          626    .text.HAL_I2C_Init  stm32f1xx_hal_i2c.o
    0x08001fe8   0x08001fe8   0x000001dc   Code   RO          634    .text.HAL_I2C_Master_Transmit  stm32f1xx_hal_i2c.o
    0x080021c4   0x080021c4   0x00000082   Code   RO           76    .text.HAL_I2C_MspInit  i2c.o
    0x08002246   0x08002246   0x00000002   PAD
    0x08002248   0x08002248   0x0000001a   Code   RO          303    .text.HAL_IncTick   stm32f1xx_hal.o
    0x08002262   0x08002262   0x00000002   PAD
    0x08002264   0x08002264   0x00000026   Code   RO          293    .text.HAL_Init      stm32f1xx_hal.o
    0x0800228a   0x0800228a   0x00000002   PAD
    0x0800228c   0x0800228c   0x00000048   Code   RO          295    .text.HAL_InitTick  stm32f1xx_hal.o
    0x080022d4   0x080022d4   0x00000042   Code   RO          174    .text.HAL_MspInit   stm32f1xx_hal_msp.o
    0x08002316   0x08002316   0x00000002   PAD
    0x08002318   0x08002318   0x00000022   Code   RO          465    .text.HAL_NVIC_EnableIRQ  stm32f1xx_hal_cortex.o
    0x0800233a   0x0800233a   0x00000002   PAD
    0x0800233c   0x0800233c   0x00000056   Code   RO          463    .text.HAL_NVIC_SetPriority  stm32f1xx_hal_cortex.o
    0x08002392   0x08002392   0x00000002   PAD
    0x08002394   0x08002394   0x00000020   Code   RO          461    .text.HAL_NVIC_SetPriorityGrouping  stm32f1xx_hal_cortex.o
    0x080023b4   0x080023b4   0x000000f8   Code   RO          395    .text.HAL_RCCEx_GetPeriphCLKFreq  stm32f1xx_hal_rcc_ex.o
    0x080024ac   0x080024ac   0x00000102   Code   RO          391    .text.HAL_RCCEx_PeriphCLKConfig  stm32f1xx_hal_rcc_ex.o
    0x080025ae   0x080025ae   0x00000002   PAD
    0x080025b0   0x080025b0   0x000001ba   Code   RO          357    .text.HAL_RCC_ClockConfig  stm32f1xx_hal_rcc.o
    0x0800276a   0x0800276a   0x00000002   PAD
    0x0800276c   0x0800276c   0x00000026   Code   RO          369    .text.HAL_RCC_GetPCLK1Freq  stm32f1xx_hal_rcc.o
    0x08002792   0x08002792   0x00000002   PAD
    0x08002794   0x08002794   0x00000026   Code   RO          371    .text.HAL_RCC_GetPCLK2Freq  stm32f1xx_hal_rcc.o
    0x080027ba   0x080027ba   0x00000002   PAD
    0x080027bc   0x080027bc   0x00000400   Code   RO          355    .text.HAL_RCC_OscConfig  stm32f1xx_hal_rcc.o
    0x08002bbc   0x08002bbc   0x000000a8   Code   RO          764    .text.HAL_SPI_Init  stm32f1xx_hal_spi.o
    0x08002c64   0x08002c64   0x0000007a   Code   RO           91    .text.HAL_SPI_MspInit  spi.o
    0x08002cde   0x08002cde   0x00000002   PAD
    0x08002ce0   0x08002ce0   0x000001f6   Code   RO          774    .text.HAL_SPI_Receive  stm32f1xx_hal_spi.o
    0x08002ed6   0x08002ed6   0x00000002   PAD
    0x08002ed8   0x08002ed8   0x000001f8   Code   RO          772    .text.HAL_SPI_Transmit  stm32f1xx_hal_spi.o
    0x080030d0   0x080030d0   0x000002d4   Code   RO          776    .text.HAL_SPI_TransmitReceive  stm32f1xx_hal_spi.o
    0x080033a4   0x080033a4   0x00000018   Code   RO          487    .text.HAL_SYSTICK_CLKSourceConfig  stm32f1xx_hal_cortex.o
    0x080033bc   0x080033bc   0x0000002c   Code   RO          473    .text.HAL_SYSTICK_Config  stm32f1xx_hal_cortex.o
    0x080033e8   0x080033e8   0x0000007e   Code   RO         1173    .text.HAL_TIMEx_MasterConfigSynchronization  stm32f1xx_hal_tim_ex.o
    0x08003466   0x08003466   0x00000002   PAD
    0x08003468   0x08003468   0x00000204   Code   RO         1032    .text.HAL_TIM_PWM_ConfigChannel  stm32f1xx_hal_tim.o
    0x0800366c   0x0800366c   0x000000ec   Code   RO          932    .text.HAL_TIM_PWM_Init  stm32f1xx_hal_tim.o
    0x08003758   0x08003758   0x0000002a   Code   RO          108    .text.HAL_TIM_PWM_MspInit  tim.o
    0x08003782   0x08003782   0x00000002   PAD
    0x08003784   0x08003784   0x000000da   Code   RO          940    .text.HAL_TIM_PWM_Start  stm32f1xx_hal_tim.o
    0x0800385e   0x0800385e   0x00000002   PAD
    0x08003860   0x08003860   0x00000002   Code   RO         1281    .text.HAL_UARTEx_RxEventCallback  stm32f1xx_hal_uart.o
    0x08003862   0x08003862   0x00000002   PAD
    0x08003864   0x08003864   0x00000002   Code   RO         1279    .text.HAL_UART_ErrorCallback  stm32f1xx_hal_uart.o
    0x08003866   0x08003866   0x00000002   PAD
    0x08003868   0x08003868   0x00000570   Code   RO         1273    .text.HAL_UART_IRQHandler  stm32f1xx_hal_uart.o
    0x08003dd8   0x08003dd8   0x000000e2   Code   RO         1197    .text.HAL_UART_Init  stm32f1xx_hal_uart.o
    0x08003eba   0x08003eba   0x00000002   PAD
    0x08003ebc   0x08003ebc   0x00000104   Code   RO          125    .text.HAL_UART_MspInit  usart.o
    0x08003fc0   0x08003fc0   0x00000054   Code   RO         1217    .text.HAL_UART_Receive_IT  stm32f1xx_hal_uart.o
    0x08004014   0x08004014   0x000000ca   Code   RO          131    .text.HAL_UART_RxCpltCallback  usart.o
    0x080040de   0x080040de   0x00000002   PAD
    0x080040e0   0x080040e0   0x00000272   Code   RO         1211    .text.HAL_UART_Transmit  stm32f1xx_hal_uart.o
    0x08004352   0x08004352   0x00000002   PAD
    0x08004354   0x08004354   0x00000002   Code   RO         1283    .text.HAL_UART_TxCpltCallback  stm32f1xx_hal_uart.o
    0x08004356   0x08004356   0x00000002   PAD
    0x08004358   0x08004358   0x00000002   Code   RO          151    .text.HardFault_Handler  stm32f1xx_it.o
    0x0800435a   0x0800435a   0x00000002   PAD
    0x0800435c   0x0800435c   0x000000ba   Code   RO          640    .text.I2C_WaitOnBTFFlagUntilTimeout  stm32f1xx_hal_i2c.o
    0x08004416   0x08004416   0x00000002   PAD
    0x08004418   0x08004418   0x000001ca   Code   RO          636    .text.I2C_WaitOnFlagUntilTimeout  stm32f1xx_hal_i2c.o
    0x080045e2   0x080045e2   0x00000002   PAD
    0x080045e4   0x080045e4   0x000000d6   Code   RO          754    .text.I2C_WaitOnMasterAddressFlagUntilTimeout  stm32f1xx_hal_i2c.o
    0x080046ba   0x080046ba   0x00000002   PAD
    0x080046bc   0x080046bc   0x000000ba   Code   RO          638    .text.I2C_WaitOnTXEFlagUntilTimeout  stm32f1xx_hal_i2c.o
    0x08004776   0x08004776   0x00000002   PAD
    0x08004778   0x08004778   0x00000064   Code   RO           56    .text.MX_ADC1_Init  adc.o
    0x080047dc   0x080047dc   0x00000066   Code   RO           58    .text.MX_ADC2_Init  adc.o
    0x08004842   0x08004842   0x00000002   PAD
    0x08004844   0x08004844   0x00000134   Code   RO           47    .text.MX_GPIO_Init  gpio.o
    0x08004978   0x08004978   0x00000042   Code   RO           74    .text.MX_I2C1_Init  i2c.o
    0x080049ba   0x080049ba   0x00000002   PAD
    0x080049bc   0x080049bc   0x0000004c   Code   RO           89    .text.MX_SPI1_Init  spi.o
    0x08004a08   0x08004a08   0x000000fa   Code   RO          104    .text.MX_TIM2_Init  tim.o
    0x08004b02   0x08004b02   0x00000002   PAD
    0x08004b04   0x08004b04   0x00000050   Code   RO          121    .text.MX_USART1_UART_Init  usart.o
    0x08004b54   0x08004b54   0x0000004c   Code   RO          123    .text.MX_USART2_UART_Init  usart.o
    0x08004ba0   0x08004ba0   0x00000002   Code   RO          153    .text.MemManage_Handler  stm32f1xx_it.o
    0x08004ba2   0x08004ba2   0x00000002   PAD
    0x08004ba4   0x08004ba4   0x00000002   Code   RO          149    .text.NMI_Handler   stm32f1xx_it.o
    0x08004ba6   0x08004ba6   0x00000002   PAD
    0x08004ba8   0x08004ba8   0x0000048e   Code   RO         1346    .text.OLED_Clear    oled.o
    0x08005036   0x08005036   0x00000002   PAD
    0x08005038   0x08005038   0x00000702   Code   RO         1368    .text.OLED_Init     oled.o
    0x0800573a   0x0800573a   0x00000002   PAD
    0x0800573c   0x0800573c   0x00000186   Code   RO         1344    .text.OLED_Refresh  oled.o
    0x080058c2   0x080058c2   0x00000002   PAD
    0x080058c4   0x080058c4   0x000005ca   Code   RO         1354    .text.OLED_ShowChar  oled.o
    0x08005e8e   0x08005e8e   0x00000002   PAD
    0x08005e90   0x08005e90   0x00000054   Code   RO         1356    .text.OLED_ShowString  oled.o
    0x08005ee4   0x08005ee4   0x00000008   Code   RO         1452    .text.PcdAntennaOff  rc522.o
    0x08005eec   0x08005eec   0x00000070   Code   RO         1450    .text.PcdAntennaOn  rc522.o
    0x08005f5c   0x08005f5c   0x000000a0   Code   RO         1428    .text.PcdAnticoll   rc522.o
    0x08005ffc   0x08005ffc   0x0000009e   Code   RO         1434    .text.PcdAuthState  rc522.o
    0x0800609a   0x0800609a   0x00000002   PAD
    0x0800609c   0x0800609c   0x00000382   Code   RO         1426    .text.PcdComMF522   rc522.o
    0x0800641e   0x0800641e   0x00000002   PAD
    0x08006420   0x08006420   0x00000032   Code   RO         1446    .text.PcdHalt       rc522.o
    0x08006452   0x08006452   0x00000002   PAD
    0x08006454   0x08006454   0x00000084   Code   RO         1418    .text.PcdRequest    rc522.o
    0x080064d8   0x080064d8   0x000001d6   Code   RO         1448    .text.PcdReset      rc522.o
    0x080066ae   0x080066ae   0x00000002   PAD
    0x080066b0   0x080066b0   0x00000066   Code   RO         1430    .text.PcdSelect     rc522.o
    0x08006716   0x08006716   0x00000002   PAD
    0x08006718   0x08006718   0x00000002   Code   RO          163    .text.PendSV_Handler  stm32f1xx_it.o
    0x0800671a   0x0800671a   0x00000002   PAD
    0x0800671c   0x0800671c   0x000000e0   Code   RO           15    .text.Process_RFID  main.o
    0x080067fc   0x080067fc   0x000000e4   Code   RO          868    .text.SPI_WaitFlagStateUntilTimeout  stm32f1xx_hal_spi.o
    0x080068e0   0x080068e0   0x00000002   Code   RO          159    .text.SVC_Handler   stm32f1xx_it.o
    0x080068e2   0x080068e2   0x00000002   PAD
    0x080068e4   0x080068e4   0x0000009c   Code   RO         1424    .text.SetBitMask    rc522.o
    0x08006980   0x08006980   0x00000004   Code   RO          165    .text.SysTick_Handler  stm32f1xx_it.o
    0x08006984   0x08006984   0x00000002   Code   RO         1317    .text.SystemInit    system_stm32f1xx.o
    0x08006986   0x08006986   0x00000002   PAD
    0x08006988   0x08006988   0x0000000c   Code   RO         1277    .text.UART_DMAAbortOnError  stm32f1xx_hal_uart.o
    0x08006994   0x08006994   0x000000fe   Code   RO         1275    .text.UART_Receive_IT  stm32f1xx_hal_uart.o
    0x08006a92   0x08006a92   0x00000002   PAD
    0x08006a94   0x08006a94   0x00000024   Code   RO          133    .text.USART1_IRQHandler  usart.o
    0x08006ab8   0x08006ab8   0x0000002c   Code   RO          135    .text.USART2_IRQHandler  usart.o
    0x08006ae4   0x08006ae4   0x00000002   Code   RO          157    .text.UsageFault_Handler  stm32f1xx_it.o
    0x08006ae6   0x08006ae6   0x00000002   PAD
    0x08006ae8   0x08006ae8   0x00000024   Code   RO         1528    .text.delay_init    delay.o
    0x08006b0c   0x08006b0c   0x00000298   Code   RO         1532    .text.delay_ms      delay.o
    0x08006da4   0x08006da4   0x0000005a   Code   RO         1530    .text.delay_us      delay.o
    0x08006dfe   0x08006dfe   0x00000002   PAD
    0x08006e00   0x08006e00   0x000000e4   Code   RO         1492    .text.key_scan      key.o
    0x08006ee4   0x08006ee4   0x00000540   Code   RO           11    .text.main          main.o
    0x08007424   0x08007424   0x00000030   Code   RO         1466    .text.step_motor1_off  step_motor.o
    0x08007454   0x08007454   0x00000030   Code   RO         1464    .text.step_motor1_on  step_motor.o
    0x08007484   0x08007484   0x00000010   Code   RO         1470    .text.step_motor2_off  step_motor.o
    0x08007494   0x08007494   0x00000022   Code   RO         1468    .text.step_motor2_on  step_motor.o
    0x080074b6   0x080074b6   0x0000003e   Code   RO         1684    CL$$btod_d2e        c_w.l(btod.o)
    0x080074f4   0x080074f4   0x00000046   Code   RO         1686    CL$$btod_d2e_denorm_low  c_w.l(btod.o)
    0x0800753a   0x0800753a   0x00000060   Code   RO         1685    CL$$btod_d2e_norm_op1  c_w.l(btod.o)
    0x0800759a   0x0800759a   0x00000002   PAD
    0x0800759c   0x0800759c   0x00000338   Code   RO         1694    CL$$btod_div_common  c_w.l(btod.o)
    0x080078d4   0x080078d4   0x000000dc   Code   RO         1691    CL$$btod_e2e        c_w.l(btod.o)
    0x080079b0   0x080079b0   0x0000002a   Code   RO         1688    CL$$btod_ediv       c_w.l(btod.o)
    0x080079da   0x080079da   0x0000002a   Code   RO         1687    CL$$btod_emul       c_w.l(btod.o)
    0x08007a04   0x08007a04   0x00000244   Code   RO         1693    CL$$btod_mult_common  c_w.l(btod.o)
    0x08007c48   0x08007c48   0x00000028   Code   RO         1715    i.__ARM_fpclassify  m_ws.l(fpclassify.o)
    0x08007c70   0x08007c70   0x0000000e   Code   RO         1565    i._is_digit         c_w.l(__printf_wp.o)
    0x08007c7e   0x08007c7e   0x00000002   PAD
    0x08007c80   0x08007c80   0x0000002c   Code   RO         1709    locale$$code        c_w.l(lc_numeric_c.o)
    0x08007cac   0x08007cac   0x00000062   Code   RO         1590    x$fpl$d2f           fz_ws.l(d2f.o)
    0x08007d0e   0x08007d0e   0x00000002   PAD
    0x08007d10   0x08007d10   0x0000008a   Code   RO         1593    x$fpl$dfltull       fz_ws.l(dfltll_clz.o)
    0x08007d9a   0x08007d9a   0x00000002   PAD
    0x08007d9c   0x08007d9c   0x00000154   Code   RO         1596    x$fpl$dmul          fz_ws.l(dmul.o)
    0x08007ef0   0x08007ef0   0x0000009c   Code   RO         1640    x$fpl$dnaninf       fz_ws.l(dnaninf.o)
    0x08007f8c   0x08007f8c   0x0000000c   Code   RO         1642    x$fpl$dretinf       fz_ws.l(dretinf.o)
    0x08007f98   0x08007f98   0x00000056   Code   RO         1598    x$fpl$f2d           fz_ws.l(f2d.o)
    0x08007fee   0x08007fee   0x00000002   PAD
    0x08007ff0   0x08007ff0   0x000000c4   Code   RO         1600    x$fpl$fadd          fz_ws.l(faddsub_clz.o)
    0x080080b4   0x080080b4   0x00000054   Code   RO         1606    x$fpl$fcmp          fz_ws.l(fcmp.o)
    0x08008108   0x08008108   0x00000018   Code   RO         1711    x$fpl$fcmpinf       fz_ws.l(fcmpi.o)
    0x08008120   0x08008120   0x00000184   Code   RO         1609    x$fpl$fdiv          fz_ws.l(fdiv.o)
    0x080082a4   0x080082a4   0x00000068   Code   RO         1644    x$fpl$feqf          fz_ws.l(feqf.o)
    0x0800830c   0x0800830c   0x00000036   Code   RO         1612    x$fpl$ffix          fz_ws.l(ffix.o)
    0x08008342   0x08008342   0x00000060   Code   RO         1622    x$fpl$ffltll        fz_ws.l(ffltll_clz.o)
    0x080083a2   0x080083a2   0x00000002   PAD
    0x080083a4   0x080083a4   0x00000026   Code   RO         1616    x$fpl$ffltu         fz_ws.l(fflt_clz.o)
    0x080083ca   0x080083ca   0x00000002   PAD
    0x080083cc   0x080083cc   0x00000068   Code   RO         1646    x$fpl$fgeqf         fz_ws.l(fgeqf.o)
    0x08008434   0x08008434   0x00000068   Code   RO         1648    x$fpl$fleqf         fz_ws.l(fleqf.o)
    0x0800849c   0x0800849c   0x00000102   Code   RO         1624    x$fpl$fmul          fz_ws.l(fmul.o)
    0x0800859e   0x0800859e   0x0000008c   Code   RO         1650    x$fpl$fnaninf       fz_ws.l(fnaninf.o)
    0x0800862a   0x0800862a   0x0000000a   Code   RO         1652    x$fpl$fretinf       fz_ws.l(fretinf.o)
    0x08008634   0x08008634   0x000000ea   Code   RO         1602    x$fpl$fsub          fz_ws.l(faddsub_clz.o)
    0x0800871e   0x0800871e   0x00000004   Code   RO         1626    x$fpl$printf1       fz_ws.l(printf1.o)
    0x08008722   0x08008722   0x00000000   Code   RO         1654    x$fpl$usenofp       fz_ws.l(usenofp.o)
    0x08008722   0x08008722   0x00000002   PAD
    0x08008724   0x08008724   0x00000094   Data   RO         1682    .constdata          c_w.l(bigflt0.o)
    0x080087b8   0x080087b8   0x00000010   Data   RO         1322    .rodata.AHBPrescTable  system_stm32f1xx.o
    0x080087c8   0x080087c8   0x00000008   Data   RO         1323    .rodata.APBPrescTable  system_stm32f1xx.o
    0x080087d0   0x080087d0   0x00000002   Data   RO          382    .rodata.HAL_RCC_GetSysClockFreq.aPredivFactorTable  stm32f1xx_hal_rcc.o
    0x080087d2   0x080087d2   0x00000228   Data   RO         1370    .rodata.asc2_0806   oled.o
    0x080089fa   0x080089fa   0x00000474   Data   RO         1371    .rodata.asc2_1206   oled.o
    0x08008e6e   0x08008e6e   0x000005f0   Data   RO         1372    .rodata.asc2_1608   oled.o
    0x0800945e   0x0800945e   0x00000d5c   Data   RO         1373    .rodata.asc2_2412   oled.o
    0x0800a1ba   0x0800a1ba   0x00000010   Data   RO          381    .rodata.cst16       stm32f1xx_hal_rcc.o
    0x0800a1ca   0x0800a1ca   0x0000004f   Data   RO           35    .rodata.str1.1      main.o
    0x0800a219   0x0800a219   0x00000003   PAD
    0x0800a21c   0x0800a21c   0x00000020   Data   RO         1869    Region$$Table       anon$$obj.o
    0x0800a23c   0x0800a23c   0x0000001c   Data   RO         1708    locale$$data        c_w.l(lc_numeric_c.o)


    Execution Region RW_IRAM1 (Exec base: 0x20000000, Load base: 0x0800a258, Size: 0x00000e18, Max: 0x00005000, ABSOLUTE)

    Exec Addr    Load Addr    Size         Type   Attr      Idx    E Section Name        Object

    0x20000000   0x0800a258   0x00000004   Data   RW           37    .data..L_MergedGlobals  main.o
    0x20000004   0x0800a25c   0x00000008   Data   RW          344    .data..L_MergedGlobals  stm32f1xx_hal.o
    0x2000000c   0x0800a264   0x00000004   Data   RW         1321    .data.SystemCoreClock  system_stm32f1xx.o
    0x20000010   0x0800a268   0x00000008   Data   RW           34    .data.valid_card_ids  main.o
    0x20000018        -       0x00000060   Zero   RW         1718    .bss                c_w.l(libspace.o)
    0x20000078        -       0x00000050   Zero   RW          140    .bss..L_MergedGlobals  usart.o
    0x200000c8        -       0x00000008   Zero   RW         1397    .bss..L_MergedGlobals  dht11.o
    0x200000d0        -       0x0000000c   Zero   RW           38    .bss..L_MergedGlobals.17  main.o
    0x200000dc        -       0x00000400   Zero   RW         1378    .bss.OLED_GRAM      oled.o
    0x200004dc        -       0x00000002   Zero   RW         1536    .bss.g_fac_us       delay.o
    0x200004de        -       0x000000c8   Zero   RW          139    .bss.g_usart2_rx_buf  usart.o
    0x200005a6        -       0x000000c8   Zero   RW          138    .bss.g_usart_rx_buf  usart.o
    0x2000066e   0x0800a270   0x00000002   PAD
    0x20000670        -       0x00000030   Zero   RW           64    .bss.hadc1          adc.o
    0x200006a0        -       0x00000030   Zero   RW           65    .bss.hadc2          adc.o
    0x200006d0        -       0x00000054   Zero   RW           80    .bss.hi2c1          i2c.o
    0x20000724        -       0x00000058   Zero   RW           95    .bss.hspi1          spi.o
    0x2000077c        -       0x00000048   Zero   RW          112    .bss.htim2          tim.o
    0x200007c4        -       0x00000048   Zero   RW          137    .bss.huart2         usart.o
    0x2000080c        -       0x00000001   Zero   RW         1494    .bss.key_scan.key_up  key.o
    0x2000080d   0x0800a270   0x00000003   PAD
    0x20000810        -       0x00000004   Zero   RW          343    .bss.uwTick         stm32f1xx_hal.o
    0x20000814   0x0800a270   0x00000004   PAD
    0x20000818        -       0x00000200   Zero   RW            2    HEAP                startup_stm32f103xb.o
    0x20000a18        -       0x00000400   Zero   RW            1    STACK               startup_stm32f103xb.o


==============================================================================

Image component sizes


      Code (inc. data)   RO Data    RW Data    ZI Data      Debug   Object Name

       400          0          0          0         96       4733   adc.o
      1458          0          0          0          2       4798   delay.o
       436          0          0          0          8       3042   dht11.o
       308          0          0          0          0       1654   gpio.o
       196          0          0          0         84       4718   i2c.o
       228          0          0          0          1       1392   key.o
      1578         90         79         12         12      11179   main.o
        60          0          0          0          0       1354   mq2.o
      4916          0       6632          0       1024      42935   oled.o
      2870          0          0          0          0      13910   rc522.o
       198          0          0          0         88       4248   spi.o
        64         26        236          0       1536        780   startup_stm32f103xb.o
       146          0          0          0          0       1268   step_motor.o
       148          0          0          8          4       5739   stm32f1xx_hal.o
      1670          0          0          0          0      13510   stm32f1xx_hal_adc.o
       220          0          0          0          0       8394   stm32f1xx_hal_cortex.o
       252          0          0          0          0       8542   stm32f1xx_hal_dma.o
       546         22          0          0          0       4736   stm32f1xx_hal_gpio.o
      1876          0          0          0          0      44921   stm32f1xx_hal_i2c.o
        66          0          0          0          0       1180   stm32f1xx_hal_msp.o
      1542          0         18          0          0       8047   stm32f1xx_hal_rcc.o
       506         20          0          0          0       3651   stm32f1xx_hal_rcc_ex.o
      2126          0          0          0          0      24477   stm32f1xx_hal_spi.o
       970          6          0          0          0      58505   stm32f1xx_hal_tim.o
       126          0          0          0          0      21269   stm32f1xx_hal_tim_ex.o
      2600          0          0          0          0      33263   stm32f1xx_hal_uart.o
        20          0          0          0          0       1139   stm32f1xx_it.o
         2          0         24          4          0       1558   system_stm32f1xx.o
       292          0          0          0         72       5951   tim.o
       698          0          0          0        552       7180   usart.o

    ----------------------------------------------------------------------
     26638        164       7024         24       3488     348073   Object Totals
         0          0         32          0          0          0   (incl. Generated)
       120          0          3          0          9          0   (incl. Padding)

    ----------------------------------------------------------------------

      Code (inc. data)   RO Data    RW Data    ZI Data      Debug   Library Member Name

         8          0          0          0          0         68   __main.o
       284          0          0          0          0        156   __printf_wp.o
         0          0          0          0          0          0   __rtentry.o
        12          0          0          0          0          0   __rtentry2.o
         6          0          0          0          0          0   __rtentry4.o
        94          8          0          0          0          0   __scatter.o
        26          0          0          0          0          0   __scatter_copy.o
        28          0          0          0          0          0   __scatter_zi.o
        48          6          0          0          0         96   _printf_char_common.o
         6          0          0          0          0          0   _printf_d.o
       120         16          0          0          0         92   _printf_dec.o
         6          0          0          0          0          0   _printf_f.o
      1052          0          0          0          0        148   _printf_fp_dec.o
       128         16          0          0          0         84   _printf_fp_infnan.o
       178          0          0          0          0         88   _printf_intcommon.o
         0          0          0          0          0          0   _printf_percent.o
         4          0          0          0          0          0   _printf_percent_end.o
        10          0          0          0          0         68   _sputc.o
       228          4        148          0          0         96   bigflt0.o
      1936        128          0          0          0        668   btod.o
        18          0          0          0          0         80   exit.o
         6          0          0          0          0        152   heapauxi.o
         0          0          0          0          0          0   indicate_semi.o
        44         10         28          0          0         76   lc_numeric_c.o
         2          0          0          0          0          0   libinit.o
        18          0          0          0          0          0   libinit2.o
         2          0          0          0          0          0   libshutdown.o
         2          0          0          0          0          0   libshutdown2.o
         8          4          0          0         96         68   libspace.o
       138          0          0          0          0         80   lludiv10.o
        88          0          0          0          0         76   memcmp.o
        40          6          0          0          0         84   noretval__2sprintf.o
         8          4          0          0          0         68   rt_locale_intlibspace.o
        68          0          0          0          0         68   rt_memclr.o
        78          0          0          0          0         80   rt_memclr_w.o
         2          0          0          0          0          0   rtexit.o
        10          0          0          0          0          0   rtexit2.o
       128          0          0          0          0         68   strcmpv7m.o
        62          0          0          0          0         76   strlen.o
        12          4          0          0          0         68   sys_exit.o
        74          0          0          0          0         80   sys_stackheap_outer.o
         2          0          0          0          0         68   use_no_semi.o
        98          4          0          0          0         92   d2f.o
       138          0          0          0          0         84   dfltll_clz.o
       340         12          0          0          0        104   dmul.o
       156          4          0          0          0         92   dnaninf.o
        12          0          0          0          0         68   dretinf.o
        86          4          0          0          0         84   f2d.o
       430          8          0          0          0        168   faddsub_clz.o
        84          0          0          0          0        196   fcmp.o
        24          0          0          0          0         68   fcmpi.o
       388         76          0          0          0         96   fdiv.o
       104          4          0          0          0         84   feqf.o
        54          4          0          0          0         84   ffix.o
        38          0          0          0          0         68   fflt_clz.o
        96          0          0          0          0         84   ffltll_clz.o
       104          4          0          0          0         84   fgeqf.o
       104          4          0          0          0         84   fleqf.o
       258          4          0          0          0         84   fmul.o
       140          4          0          0          0         84   fnaninf.o
        10          0          0          0          0         68   fretinf.o
         4          0          0          0          0         68   printf1.o
         0          0          0          0          0          0   usenofp.o
        40          0          0          0          0         68   fpclassify.o

    ----------------------------------------------------------------------
      7722        338        176          0         96       4668   Library Totals
        30          0          0          0          0          0   (incl. Padding)

    ----------------------------------------------------------------------

      Code (inc. data)   RO Data    RW Data    ZI Data      Debug   Library Name

      4984        206        176          0         96       2756   c_w.l
      2668        132          0          0          0       1844   fz_ws.l
        40          0          0          0          0         68   m_ws.l

    ----------------------------------------------------------------------
      7722        338        176          0         96       4668   Library Totals

    ----------------------------------------------------------------------

==============================================================================


      Code (inc. data)   RO Data    RW Data    ZI Data      Debug   

     34360        502       7200         24       3584     349645   Grand Totals
     34360        502       7200         24       3584     349645   ELF Image Totals
     34360        502       7200         24          0          0   ROM Totals

==============================================================================

    Total RO  Size (Code + RO Data)                41560 (  40.59kB)
    Total RW  Size (RW Data + ZI Data)              3608 (   3.52kB)
    Total ROM Size (Code + RO Data + RW Data)      41584 (  40.61kB)

==============================================================================

